Modules list:
-------------
interrupt.o:
    CODE              Offs=000000  Size=000057  Align=00001  Fill=0000
vectors.o:
    VECTORS           Offs=000000  Size=000006  Align=00001  Fill=0000
mc6840.o:
    CODE              Offs=000057  Size=0001B9  Align=00001  Fill=0000
    BSS               Offs=000000  Size=000081  Align=00001  Fill=0000
    DATA              Offs=000000  Size=000006  Align=00001  Fill=0000
mos6551.o:
    CODE              Offs=000210  Size=000091  Align=00001  Fill=0000
    BSS               Offs=000081  Size=000201  Align=00001  Fill=0000
    DATA              Offs=000006  Size=000003  Align=00001  Fill=0000
hd44780.o:
    CODE              Offs=0002A1  Size=00014B  Align=00001  Fill=0000
    RODATA            Offs=000000  Size=000015  Align=00001  Fill=0000
delay.o:
    CODE              Offs=0003EC  Size=000013  Align=00001  Fill=0000
m6242.o:
    CODE              Offs=0003FF  Size=0003AC  Align=00001  Fill=0000
    BSS               Offs=000282  Size=000020  Align=00001  Fill=0000
io.o:
    CODE              Offs=0007AB  Size=000117  Align=00001  Fill=0000
    BSS               Offs=0002A2  Size=000001  Align=00001  Fill=0000
    DATA              Offs=000009  Size=000001  Align=00001  Fill=0000
parser.o:
    CODE              Offs=0008C2  Size=00037F  Align=00001  Fill=0000
    RODATA            Offs=000015  Size=000085  Align=00001  Fill=0000
    BSS               Offs=0002A3  Size=000012  Align=00001  Fill=0000
main.o:
    CODE              Offs=000C41  Size=0003FE  Align=00001  Fill=0000
    RODATA            Offs=00009A  Size=000046  Align=00001  Fill=0000
    BSS               Offs=0002B5  Size=000059  Align=00001  Fill=0000
    DATA              Offs=00000A  Size=00000B  Align=00001  Fill=0000
./lib/ethergeiger.lib(_hextab.o):
    RODATA            Offs=0000E0  Size=000010  Align=00001  Fill=0000
./lib/ethergeiger.lib(_longminstr.o):
    RODATA            Offs=0000F0  Size=00000C  Align=00001  Fill=0000
./lib/ethergeiger.lib(add.o):
    CODE              Offs=00103F  Size=000018  Align=00001  Fill=0000
./lib/ethergeiger.lib(addysp.o):
    CODE              Offs=001057  Size=00000E  Align=00001  Fill=0000
./lib/ethergeiger.lib(along.o):
    CODE              Offs=001065  Size=00000D  Align=00001  Fill=0000
./lib/ethergeiger.lib(and.o):
    CODE              Offs=001072  Size=00000F  Align=00001  Fill=0000
./lib/ethergeiger.lib(aslax1.o):
    CODE              Offs=001081  Size=000008  Align=00001  Fill=0000
./lib/ethergeiger.lib(atoi.o):
    CODE              Offs=001089  Size=000096  Align=00001  Fill=0000
./lib/ethergeiger.lib(axlong.o):
    CODE              Offs=00111F  Size=00000D  Align=00001  Fill=0000
./lib/ethergeiger.lib(bneg.o):
    CODE              Offs=00112C  Size=00000E  Align=00001  Fill=0000
./lib/ethergeiger.lib(call.o):
    CODE              Offs=00113A  Size=000007  Align=00001  Fill=0000
./lib/ethergeiger.lib(condes.o):
    CODE              Offs=001141  Size=00000C  Align=00001  Fill=0000
    DATA              Offs=000015  Size=000025  Align=00001  Fill=0000
    ONCE              Offs=000000  Size=00000C  Align=00001  Fill=0000
./lib/ethergeiger.lib(copydata.o):
    CODE              Offs=00114D  Size=00002D  Align=00001  Fill=0000
./lib/ethergeiger.lib(crt0.o):
    STARTUP           Offs=000000  Size=00001C  Align=00001  Fill=0000
./lib/ethergeiger.lib(ctype.o):
    RODATA            Offs=0000FC  Size=000100  Align=00001  Fill=0000
./lib/ethergeiger.lib(decax1.o):
    CODE              Offs=00117A  Size=000007  Align=00001  Fill=0000
./lib/ethergeiger.lib(decaxy.o):
    CODE              Offs=001181  Size=000009  Align=00001  Fill=0000
./lib/ethergeiger.lib(decsp1.o):
    CODE              Offs=00118A  Size=000009  Align=00001  Fill=0000
./lib/ethergeiger.lib(decsp2.o):
    CODE              Offs=001193  Size=00000D  Align=00001  Fill=0000
./lib/ethergeiger.lib(decsp3.o):
    CODE              Offs=0011A0  Size=00000D  Align=00001  Fill=0000
./lib/ethergeiger.lib(decsp4.o):
    CODE              Offs=0011AD  Size=00000D  Align=00001  Fill=0000
./lib/ethergeiger.lib(div.o):
    CODE              Offs=0011BA  Size=000015  Align=00001  Fill=0000
./lib/ethergeiger.lib(divt.o):
    CODE              Offs=0011CF  Size=000013  Align=00001  Fill=0000
./lib/ethergeiger.lib(icmp.o):
    CODE              Offs=0011E2  Size=00002E  Align=00001  Fill=0000
./lib/ethergeiger.lib(incaxy.o):
    CODE              Offs=001210  Size=00000B  Align=00001  Fill=0000
./lib/ethergeiger.lib(incsp1.o):
    CODE              Offs=00121B  Size=000007  Align=00001  Fill=0000
./lib/ethergeiger.lib(incsp2.o):
    CODE              Offs=001222  Size=000015  Align=00001  Fill=0000
./lib/ethergeiger.lib(incsp3.o):
    CODE              Offs=001237  Size=000005  Align=00001  Fill=0000
./lib/ethergeiger.lib(incsp4.o):
    CODE              Offs=00123C  Size=000005  Align=00001  Fill=0000
./lib/ethergeiger.lib(incsp5.o):
    CODE              Offs=001241  Size=000005  Align=00001  Fill=0000
./lib/ethergeiger.lib(incsp7.o):
    CODE              Offs=001246  Size=000005  Align=00001  Fill=0000
./lib/ethergeiger.lib(itoa.o):
    CODE              Offs=00124B  Size=000094  Align=00001  Fill=0000
    RODATA            Offs=0001FC  Size=000007  Align=00001  Fill=0000
./lib/ethergeiger.lib(jmpvec.o):
    DATA              Offs=00003A  Size=000003  Align=00001  Fill=0000
./lib/ethergeiger.lib(ladd.o):
    CODE              Offs=0012DF  Size=000024  Align=00001  Fill=0000
./lib/ethergeiger.lib(lcmp.o):
    CODE              Offs=001303  Size=00003B  Align=00001  Fill=0000
./lib/ethergeiger.lib(ldaxi.o):
    CODE              Offs=00133E  Size=00000D  Align=00001  Fill=0000
./lib/ethergeiger.lib(ldaxsp.o):
    CODE              Offs=00134B  Size=000009  Align=00001  Fill=0000
./lib/ethergeiger.lib(lmul.o):
    CODE              Offs=001354  Size=000059  Align=00001  Fill=0000
./lib/ethergeiger.lib(lne.o):
    CODE              Offs=0013AD  Size=000006  Align=00001  Fill=0000
./lib/ethergeiger.lib(lneg.o):
    CODE              Offs=0013B3  Size=00001E  Align=00001  Fill=0000
./lib/ethergeiger.lib(lor.o):
    CODE              Offs=0013D1  Size=000021  Align=00001  Fill=0000
./lib/ethergeiger.lib(lpush.o):
    CODE              Offs=0013F2  Size=00001E  Align=00001  Fill=0000
./lib/ethergeiger.lib(lsub.o):
    CODE              Offs=001410  Size=000024  Align=00001  Fill=0000
./lib/ethergeiger.lib(ltoa.o):
    CODE              Offs=001434  Size=000093  Align=00001  Fill=0000
./lib/ethergeiger.lib(ludiv.o):
    CODE              Offs=0014C7  Size=000077  Align=00001  Fill=0000
./lib/ethergeiger.lib(lumod.o):
    CODE              Offs=00153E  Size=000017  Align=00001  Fill=0000
./lib/ethergeiger.lib(makebool.o):
    CODE              Offs=001555  Size=00002C  Align=00001  Fill=0000
./lib/ethergeiger.lib(mktime.o):
    CODE              Offs=001581  Size=0003D9  Align=00001  Fill=0000
    RODATA            Offs=000203  Size=000024  Align=00001  Fill=0000
./lib/ethergeiger.lib(mul.o):
    CODE              Offs=00195A  Size=000045  Align=00001  Fill=0000
./lib/ethergeiger.lib(mul8.o):
    CODE              Offs=00199F  Size=00003A  Align=00001  Fill=0000
./lib/ethergeiger.lib(mulax10.o):
    CODE              Offs=0019D9  Size=000019  Align=00001  Fill=0000
./lib/ethergeiger.lib(negabs.o):
    CODE              Offs=0019F2  Size=000012  Align=00001  Fill=0000
./lib/ethergeiger.lib(popptr1.o):
    CODE              Offs=001A04  Size=00000E  Align=00001  Fill=0000
./lib/ethergeiger.lib(pusha.o):
    CODE              Offs=001A12  Size=000016  Align=00001  Fill=0000
./lib/ethergeiger.lib(pushax.o):
    CODE              Offs=001A28  Size=00001A  Align=00001  Fill=0000
./lib/ethergeiger.lib(pushw.o):
    CODE              Offs=001A42  Size=00000F  Align=00001  Fill=0000
./lib/ethergeiger.lib(pushwsp.o):
    CODE              Offs=001A51  Size=00001C  Align=00001  Fill=0000
./lib/ethergeiger.lib(regswap2.o):
    CODE              Offs=001A6D  Size=000016  Align=00001  Fill=0000
./lib/ethergeiger.lib(shelp.o):
    CODE              Offs=001A83  Size=000020  Align=00001  Fill=0000
./lib/ethergeiger.lib(shrax2.o):
    CODE              Offs=001AA3  Size=00000B  Align=00001  Fill=0000
./lib/ethergeiger.lib(staspidx.o):
    CODE              Offs=001AAE  Size=000016  Align=00001  Fill=0000
./lib/ethergeiger.lib(staxsp.o):
    CODE              Offs=001AC4  Size=00000B  Align=00001  Fill=0000
./lib/ethergeiger.lib(staxspi.o):
    CODE              Offs=001ACF  Size=00001A  Align=00001  Fill=0000
./lib/ethergeiger.lib(strchr.o):
    CODE              Offs=001AE9  Size=000025  Align=00001  Fill=0000
./lib/ethergeiger.lib(stricmp.o):
    CODE              Offs=001B0E  Size=00003F  Align=00001  Fill=0000
./lib/ethergeiger.lib(strlen.o):
    CODE              Offs=001B4D  Size=000016  Align=00001  Fill=0000
./lib/ethergeiger.lib(strtok.o):
    CODE              Offs=001B63  Size=0000C2  Align=00001  Fill=0000
    DATA              Offs=00003D  Size=000002  Align=00001  Fill=0000
./lib/ethergeiger.lib(sub.o):
    CODE              Offs=001C25  Size=000014  Align=00001  Fill=0000
./lib/ethergeiger.lib(toslong.o):
    CODE              Offs=001C39  Size=000032  Align=00001  Fill=0000
./lib/ethergeiger.lib(udiv.o):
    CODE              Offs=001C6B  Size=00004F  Align=00001  Fill=0000
./lib/ethergeiger.lib(umod.o):
    CODE              Offs=001CBA  Size=000011  Align=00001  Fill=0000
./lib/ethergeiger.lib(zerobss.o):
    CODE              Offs=001CCB  Size=000023  Align=00001  Fill=0000
./lib/ethergeiger.lib(zeropage.o):
    ZEROPAGE          Offs=000000  Size=00001A  Align=00001  Fill=0000


Segment list:
-------------
Name                   Start     End    Size  Align
----------------------------------------------------
ZEROPAGE              000000  000019  00001A  00001
DATA                  000200  00023E  00003F  00001
BSS                   00023F  00054C  00030E  00001
STARTUP               00803F  00805A  00001C  00001
ONCE                  00805B  008066  00000C  00001
CODE                  008067  009D54  001CEE  00001
RODATA                009D55  009F7B  000227  00001
VECTORS               00FFFA  00FFFF  000006  00001


Exports list by name:
---------------------
__BSS_RUN__               00023F RLA    __BSS_SIZE__              00030E REA    
__CONSTRUCTOR_COUNT__     000000 REA    __CONSTRUCTOR_TABLE__     00805B RLA    
__DATA_LOAD__             008000 RLA    __DATA_RUN__              000200 RLA    
__DATA_SIZE__             00003F REA    __DESTRUCTOR_COUNT__      000000 REA    
__DESTRUCTOR_TABLE__      00805B RLA    __RAM_SIZE__              001E00 REA    
__RAM_START__             000200 RLA    __STARTUP__               000001 REA    
__ctype                   009E51 RLA    __hextab                  009E35 RLA    
__longminstr              009E45 RLA    _atoi                     0090F0 RLA    
_delay_16us               008453 RLA    _delay_ms                 00845C RLA    
_div                      009236 RLA    _get_geiger_pulses        008168 RLA    
_get_geiger_usv           0081A7 RLA    _hd44780_clrscr           0083FE RLA    
_hd44780_gotoxy           0083BA RLA    _hd44780_init             008308 RLA    
_hd44780_write            008356 RLA    _init                     00803F RLA    
_irq_int                  008068 RLA    _itoa                     0092D0 RLA    
_key_init                 008812 RLA    _m6242_init               008466 RLA    
_m6242_read_date_str      0084F1 RLA    _m6242_read_time_str      00847B RLA    
_m6242_setdate            0087AC RLA    _m6242_settime            008746 RLA    
_main                     008F9D RLA    _mc6840_init              0080BE RLA    
_millis                   008112 RLA    _milliseconds             000200 RLA    
_mktime                   0095E8 RLA    _mos6551_handle_rx        0082C2 RLA    
_mos6551_init             008277 RLA    _mos6551_puts             008299 RLA    
_mos6551_rxrb             0002C1 RLA    _mos6551_rxrb_head        000206 RLA    
_nmi_int                  008067 RLA    _parse_cmd                008929 RLA    
_port_tgl                 008918 RLA    _port_write               0088E6 RLA    
_strcasecmp               009B75 RLA    _strchr                   009B50 RLA    
_strlen                   009BB4 RLA    _strtok                   009BCA RLA    
_ultoa                    0094F2 RLA    _update_geiger_pulses     00822B RLA    
_uptime                   008135 RLA    _uptime_value             000201 RLA    
_utoa                     009312 RLA    addysp                    0090BF RLA    
addysp1                   0090BE RLA    aslax1                    0090E8 RLA    
aulong                    0090D2 RLA    axulong                   00918C RLA    
bnega                     009197 RLA    boolne                    0095BC RLA    
callax                    0091A1 RLA    copydata                  0091B4 RLA    
decax1                    0091E1 RLA    decaxy                    0091E8 RLA    
decsp1                    0091F1 RLA    decsp2                    0091FA RLA    
decsp3                    009207 RLA    decsp4                    009214 RLA    
donelib                   0091A8 RLA    getlop                    00953D RLA    
incax4                    009277 RLA    incaxy                    009279 RLA    
incsp1                    009282 RLA    incsp2                    009290 RLA    
incsp3                    00929E RLA    incsp4                    0092A3 RLA    
incsp5                    0092A8 RLA    incsp7                    0092AD RLA    
initlib                   00805B RLA    jmpvec                    00023A RLA    
ldax0sp                   0093B2 RLA    ldaxi                     0093A5 RLA    
ldaxidx                   0093A7 RLA    ldaxysp                   0093B4 RLA    
mul8x16                   009A08 RLA    mul8x16a                  009A12 RLA    
mulax10                   009A40 RLA    negax                     009A5D RLA    
negeax                    00941A RLA    popax                     009289 RLA    
popptr1                   009A6B RLA    popsargsudiv16            009AEA RLA    
ptr1                      000008 RLZ    ptr2                      00000A RLZ    
ptr3                      00000C RLZ    ptr4                      00000E RLZ    
push0                     009A8F RLA    push0ax                   00945C RLA    
pusha                     009A7D RLA    pusha0                    009A91 RLA    
pushax                    009A93 RLA    pusheax                   009460 RLA    
pushw                     009AA9 RLA    pushw0sp                  009AB8 RLA    
pushwidx                  009AAB RLA    pushwysp                  009ABA RLA    
regbank                   000014 RLZ    regswap2                  009AD4 RLA    
shrax2                    009B0A RLA    sp                        000000 RLZ    
sreg                      000002 RLZ    staspidx                  009B15 RLA    
stax0sp                   009B2B RLA    staxspidx                 009B36 RLA    
staxysp                   009B2D RLA    tmp1                      000010 RLZ    
tmp2                      000011 RLZ    tmp3                      000012 RLZ    
tmp4                      000013 RLZ    tosaddax                  0090A8 RLA    
tosaddeax                 00934C RLA    tosanda0                  0090D9 RLA    
tosdivax                  009223 RLA    tosicmp                   00924B RLA    
tosicmp0                  009249 RLA    toslcmp                   00936A RLA    
tosmula0                  009A06 RLA    tosneeax                  009414 RLA    
tosor0ax                  009438 RLA    tossuba0                  009C8C RLA    
tossubeax                 00947B RLA    tosudiv0ax                00952E RLA    
tosudiva0                 009CD2 RLA    tosudiveax                009532 RLA    
tosulong                  009CA0 RLA    tosumod0ax                0095A5 RLA    
tosumoda0                 009D21 RLA    tosumodax                 009D23 RLA    
tosumul0ax                0093BB RLA    tosumula0                 009A06 RLA    
tosumulax                 0099C1 RLA    tosumuleax                0093BF RLA    
udiv16                    009CE3 RLA    udiv32                    009560 RLA    
zerobss                   009D32 RLA    


Exports list by value:
----------------------
__CONSTRUCTOR_COUNT__     000000 REA    __DESTRUCTOR_COUNT__      000000 REA    
sp                        000000 RLZ    __STARTUP__               000001 REA    
sreg                      000002 RLZ    ptr1                      000008 RLZ    
ptr2                      00000A RLZ    ptr3                      00000C RLZ    
ptr4                      00000E RLZ    tmp1                      000010 RLZ    
tmp2                      000011 RLZ    tmp3                      000012 RLZ    
tmp4                      000013 RLZ    regbank                   000014 RLZ    
__DATA_SIZE__             00003F REA    __DATA_RUN__              000200 RLA    
__RAM_START__             000200 RLA    _milliseconds             000200 RLA    
_uptime_value             000201 RLA    _mos6551_rxrb_head        000206 RLA    
jmpvec                    00023A RLA    __BSS_RUN__               00023F RLA    
_mos6551_rxrb             0002C1 RLA    __BSS_SIZE__              00030E REA    
__RAM_SIZE__              001E00 REA    __DATA_LOAD__             008000 RLA    
_init                     00803F RLA    __CONSTRUCTOR_TABLE__     00805B RLA    
__DESTRUCTOR_TABLE__      00805B RLA    initlib                   00805B RLA    
_nmi_int                  008067 RLA    _irq_int                  008068 RLA    
_mc6840_init              0080BE RLA    _millis                   008112 RLA    
_uptime                   008135 RLA    _get_geiger_pulses        008168 RLA    
_get_geiger_usv           0081A7 RLA    _update_geiger_pulses     00822B RLA    
_mos6551_init             008277 RLA    _mos6551_puts             008299 RLA    
_mos6551_handle_rx        0082C2 RLA    _hd44780_init             008308 RLA    
_hd44780_write            008356 RLA    _hd44780_gotoxy           0083BA RLA    
_hd44780_clrscr           0083FE RLA    _delay_16us               008453 RLA    
_delay_ms                 00845C RLA    _m6242_init               008466 RLA    
_m6242_read_time_str      00847B RLA    _m6242_read_date_str      0084F1 RLA    
_m6242_settime            008746 RLA    _m6242_setdate            0087AC RLA    
_key_init                 008812 RLA    _port_write               0088E6 RLA    
_port_tgl                 008918 RLA    _parse_cmd                008929 RLA    
_main                     008F9D RLA    tosaddax                  0090A8 RLA    
addysp1                   0090BE RLA    addysp                    0090BF RLA    
aulong                    0090D2 RLA    tosanda0                  0090D9 RLA    
aslax1                    0090E8 RLA    _atoi                     0090F0 RLA    
axulong                   00918C RLA    bnega                     009197 RLA    
callax                    0091A1 RLA    donelib                   0091A8 RLA    
copydata                  0091B4 RLA    decax1                    0091E1 RLA    
decaxy                    0091E8 RLA    decsp1                    0091F1 RLA    
decsp2                    0091FA RLA    decsp3                    009207 RLA    
decsp4                    009214 RLA    tosdivax                  009223 RLA    
_div                      009236 RLA    tosicmp0                  009249 RLA    
tosicmp                   00924B RLA    incax4                    009277 RLA    
incaxy                    009279 RLA    incsp1                    009282 RLA    
popax                     009289 RLA    incsp2                    009290 RLA    
incsp3                    00929E RLA    incsp4                    0092A3 RLA    
incsp5                    0092A8 RLA    incsp7                    0092AD RLA    
_itoa                     0092D0 RLA    _utoa                     009312 RLA    
tosaddeax                 00934C RLA    toslcmp                   00936A RLA    
ldaxi                     0093A5 RLA    ldaxidx                   0093A7 RLA    
ldax0sp                   0093B2 RLA    ldaxysp                   0093B4 RLA    
tosumul0ax                0093BB RLA    tosumuleax                0093BF RLA    
tosneeax                  009414 RLA    negeax                    00941A RLA    
tosor0ax                  009438 RLA    push0ax                   00945C RLA    
pusheax                   009460 RLA    tossubeax                 00947B RLA    
_ultoa                    0094F2 RLA    tosudiv0ax                00952E RLA    
tosudiveax                009532 RLA    getlop                    00953D RLA    
udiv32                    009560 RLA    tosumod0ax                0095A5 RLA    
boolne                    0095BC RLA    _mktime                   0095E8 RLA    
tosumulax                 0099C1 RLA    tosmula0                  009A06 RLA    
tosumula0                 009A06 RLA    mul8x16                   009A08 RLA    
mul8x16a                  009A12 RLA    mulax10                   009A40 RLA    
negax                     009A5D RLA    popptr1                   009A6B RLA    
pusha                     009A7D RLA    push0                     009A8F RLA    
pusha0                    009A91 RLA    pushax                    009A93 RLA    
pushw                     009AA9 RLA    pushwidx                  009AAB RLA    
pushw0sp                  009AB8 RLA    pushwysp                  009ABA RLA    
regswap2                  009AD4 RLA    popsargsudiv16            009AEA RLA    
shrax2                    009B0A RLA    staspidx                  009B15 RLA    
stax0sp                   009B2B RLA    staxysp                   009B2D RLA    
staxspidx                 009B36 RLA    _strchr                   009B50 RLA    
_strcasecmp               009B75 RLA    _strlen                   009BB4 RLA    
_strtok                   009BCA RLA    tossuba0                  009C8C RLA    
tosulong                  009CA0 RLA    tosudiva0                 009CD2 RLA    
udiv16                    009CE3 RLA    tosumoda0                 009D21 RLA    
tosumodax                 009D23 RLA    zerobss                   009D32 RLA    
__hextab                  009E35 RLA    __longminstr              009E45 RLA    
__ctype                   009E51 RLA    


Imports list:
-------------
__BSS_RUN__ ([linker generated]):
    zerobss.o                 common/zerobss.s(8)
__BSS_SIZE__ ([linker generated]):
    zerobss.o                 common/zerobss.s(8)
__CONSTRUCTOR_COUNT__ ([linker generated]):
    condes.o                  runtime/condes.s(18)
__CONSTRUCTOR_TABLE__ ([linker generated]):
    condes.o                  runtime/condes.s(18)
__DATA_LOAD__ ([linker generated]):
    copydata.o                common/copydata.s(8)
__DATA_RUN__ ([linker generated]):
    copydata.o                common/copydata.s(8)
__DATA_SIZE__ ([linker generated]):
    copydata.o                common/copydata.s(8)
__DESTRUCTOR_COUNT__ ([linker generated]):
    condes.o                  runtime/condes.s(19)
__DESTRUCTOR_TABLE__ ([linker generated]):
    condes.o                  runtime/condes.s(19)
__RAM_SIZE__ ([linker generated]):
    crt0.o                    crt0.s(11)
__RAM_START__ ([linker generated]):
    crt0.o                    crt0.s(11)
__STARTUP__ (crt0.o):
    main.o                    main.s(13)
__ctype (ctype.o):
    stricmp.o                 common/stricmp.s(10)
    atoi.o                    common/atoi.s(9)
__hextab (_hextab.o):
    ltoa.o                    common/ltoa.s(10)
    itoa.o                    common/itoa.s(10)
__longminstr (_longminstr.o):
    ltoa.o                    common/ltoa.s(10)
_atoi (atoi.o):
    parser.o                  parser.s(13)
_delay_16us (delay.o):
    hd44780.o                 hd44780.s(20)
_delay_ms (delay.o):
    hd44780.o                 hd44780.s(21)
_div (divt.o):
    mktime.o                  ../libwrk/supervision/mktime.s(13)
_get_geiger_pulses (mc6840.o):
    main.o                    main.s(27)
_get_geiger_usv (mc6840.o):
    main.o                    main.s(28)
_hd44780_clrscr (hd44780.o):
    main.o                    main.s(21)
_hd44780_gotoxy (hd44780.o):
    main.o                    main.s(20)
_hd44780_init (hd44780.o):
    main.o                    main.s(18)
_hd44780_write (hd44780.o):
    main.o                    main.s(19)
_init (crt0.o):
    vectors.o                 vectors.s(7)
    interrupt.o               interrupt.s(9)
_irq_int (interrupt.o):
    vectors.o                 vectors.s(8)
_itoa (itoa.o):
    main.o                    main.s(14)
_key_init (io.o):
    main.o                    main.s(32)
_m6242_init (m6242.o):
    main.o                    main.s(29)
_m6242_read_date_str (m6242.o):
    main.o                    main.s(31)
    parser.o                  parser.s(22)
_m6242_read_time_str (m6242.o):
    main.o                    main.s(30)
    parser.o                  parser.s(21)
_m6242_setdate (m6242.o):
    parser.o                  parser.s(24)
_m6242_settime (m6242.o):
    parser.o                  parser.s(23)
_main (main.o):
    crt0.o                    crt0.s(8)
_mc6840_init (mc6840.o):
    main.o                    main.s(24)
_millis (mc6840.o):
    main.o                    main.s(25)
    io.o                      io.s(19)
_milliseconds (mc6840.o):
    interrupt.o               interrupt.s(9)
_mktime (mktime.o):
    m6242.o                   m6242.s(13)
_mos6551_handle_rx (mos6551.o):
    main.o                    main.s(23)
_mos6551_init (mos6551.o):
    main.o                    main.s(22)
_mos6551_puts (mos6551.o):
    parser.o                  parser.s(20)
_mos6551_rxrb (mos6551.o):
    interrupt.o               interrupt.s(9)
_mos6551_rxrb_head (mos6551.o):
    interrupt.o               interrupt.s(9)
_nmi_int (interrupt.o):
    vectors.o                 vectors.s(8)
_parse_cmd (parser.o):
    mos6551.o                 mos6551.s(17)
_port_tgl (io.o):
    main.o                    main.s(34)
_port_write (io.o):
    main.o                    main.s(33)
_strcasecmp (stricmp.o):
    parser.o                  parser.s(17)
_strchr (strchr.o):
    strtok.o                  ../libwrk/supervision/strtok.s(13)
    parser.o                  parser.s(15)
_strlen (strlen.o):
    main.o                    main.s(17)
_strtok (strtok.o):
    parser.o                  parser.s(16)
_ultoa (ltoa.o):
    main.o                    main.s(16)
    parser.o                  parser.s(14)
_update_geiger_pulses (mc6840.o):
    interrupt.o               interrupt.s(10)
_uptime (mc6840.o):
    main.o                    main.s(26)
    parser.o                  parser.s(19)
_uptime_value (mc6840.o):
    interrupt.o               interrupt.s(9)
_utoa (itoa.o):
    main.o                    main.s(15)
addysp (addysp.o):
    incsp7.o                  runtime/incsp7.s(8)
    mktime.o                  ../libwrk/supervision/mktime.s(592)
    incsp5.o                  runtime/incsp5.s(8)
    incsp4.o                  runtime/incsp4.s(8)
    incsp3.o                  runtime/incsp3.s(8)
addysp1 (addysp.o):
    lmul.o                    runtime/lmul.s(9)
    ladd.o                    runtime/ladd.s(8)
    sub.o                     runtime/sub.s(8)
    ludiv.o                   runtime/ludiv.s(9)
    lsub.o                    runtime/lsub.s(11)
    lor.o                     runtime/lor.s(9)
    itoa.o                    common/itoa.s(9)
    and.o                     runtime/and.s(8)
aslax1 (aslax1.o):
    mktime.o                  ../libwrk/supervision/mktime.s(592)
aulong (along.o):
    mc6840.o                  mc6840.s(354)
axulong (axlong.o):
    mktime.o                  ../libwrk/supervision/mktime.s(592)
    mc6840.o                  mc6840.s(354)
    mc6840.o                  mc6840.s(354)
    mc6840.o                  mc6840.s(354)
bnega (bneg.o):
    io.o                      io.s(223)
boolne (makebool.o):
    lne.o                     runtime/lne.s(8)
callax (call.o):
    io.o                      io.s(223)
copydata (copydata.o):
    crt0.o                    crt0.s(13)
decax1 (decax1.o):
    mktime.o                  ../libwrk/supervision/mktime.s(592)
    m6242.o                   m6242.s(547)
decaxy (decaxy.o):
    mktime.o                  ../libwrk/supervision/mktime.s(592)
decsp1 (decsp1.o):
    hd44780.o                 hd44780.s(265)
decsp2 (decsp2.o):
    toslong.o                 runtime/toslong.s(8)
decsp3 (decsp3.o):
    strtok.o                  ../libwrk/supervision/strtok.s(125)
decsp4 (decsp4.o):
    mktime.o                  ../libwrk/supervision/mktime.s(592)
    lpush.o                   runtime/lpush.s(12)
donelib (condes.o):
    crt0.o                    crt0.s(13)
getlop (ludiv.o):
    lumod.o                   runtime/lumod.s(9)
incax4 (incaxy.o):
    mktime.o                  ../libwrk/supervision/mktime.s(592)
incaxy (incaxy.o):
    m6242.o                   m6242.s(547)
    m6242.o                   m6242.s(547)
    m6242.o                   m6242.s(547)
incsp1 (incsp1.o):
    io.o                      io.s(223)
    io.o                      io.s(223)
    io.o                      io.s(223)
    io.o                      io.s(223)
    hd44780.o                 hd44780.s(265)
    hd44780.o                 hd44780.s(265)
    mos6551.o                 mos6551.s(154)
incsp2 (incsp2.o):
    staxspi.o                 runtime/staxspi.s(9)
    staspidx.o                runtime/staspidx.s(8)
    popptr1.o                 runtime/popptr1.s(8)
    mktime.o                  ../libwrk/supervision/mktime.s(592)
    parser.o                  parser.s(544)
    parser.o                  parser.s(544)
    parser.o                  parser.s(544)
    parser.o                  parser.s(544)
    parser.o                  parser.s(544)
    parser.o                  parser.s(544)
    io.o                      io.s(223)
    m6242.o                   m6242.s(547)
    m6242.o                   m6242.s(547)
    hd44780.o                 hd44780.s(265)
    mos6551.o                 mos6551.s(154)
    mc6840.o                  mc6840.s(354)
incsp3 (incsp3.o):
    m6242.o                   m6242.s(547)
    m6242.o                   m6242.s(547)
    hd44780.o                 hd44780.s(265)
incsp4 (incsp4.o):
    lcmp.o                    runtime/lcmp.s(9)
    hd44780.o                 hd44780.s(265)
incsp5 (incsp5.o):
    io.o                      io.s(223)
incsp7 (incsp7.o):
    strtok.o                  ../libwrk/supervision/strtok.s(125)
initlib (condes.o):
    crt0.o                    crt0.s(13)
jmpvec (jmpvec.o):
    parser.o                  parser.s(544)
ldax0sp (ldaxsp.o):
    strtok.o                  ../libwrk/supervision/strtok.s(125)
    mktime.o                  ../libwrk/supervision/mktime.s(592)
    io.o                      io.s(223)
    io.o                      io.s(223)
    m6242.o                   m6242.s(547)
    m6242.o                   m6242.s(547)
    hd44780.o                 hd44780.s(265)
    mos6551.o                 mos6551.s(154)
ldaxi (ldaxi.o):
    mc6840.o                  mc6840.s(354)
ldaxidx (ldaxi.o):
    io.o                      io.s(223)
ldaxysp (ldaxsp.o):
    mktime.o                  ../libwrk/supervision/mktime.s(592)
    io.o                      io.s(223)
    io.o                      io.s(223)
    hd44780.o                 hd44780.s(265)
    mc6840.o                  mc6840.s(354)
mul8x16 (mul8.o):
    mul.o                     runtime/mul.s(8)
mul8x16a (mul8.o):
    mul.o                     runtime/mul.s(8)
mulax10 (mulax10.o):
    m6242.o                   m6242.s(547)
negax (negabs.o):
    shelp.o                   runtime/shelp.s(11)
    div.o                     runtime/div.s(11)
    divt.o                    common/divt.s(17)
negeax (lneg.o):
    ltoa.o                    common/ltoa.s(9)
    atoi.o                    common/atoi.s(9)
popax (incsp2.o):
    shelp.o                   runtime/shelp.s(11)
    strchr.o                  common/strchr.s(9)
    ltoa.o                    common/ltoa.s(9)
popptr1 (popptr1.o):
    umod.o                    runtime/umod.s(8)
    udiv.o                    runtime/udiv.s(9)
    stricmp.o                 common/stricmp.s(9)
    mul8.o                    runtime/mul8.s(9)
    mul.o                     runtime/mul.s(9)
    ltoa.o                    common/ltoa.s(9)
popsargsudiv16 (shelp.o):
    div.o                     runtime/div.s(11)
ptr1 (zeropage.o):
    shelp.o                   runtime/shelp.s(12)
    div.o                     runtime/div.s(12)
    lmul.o                    runtime/lmul.s(10)
    lcmp.o                    runtime/lcmp.s(10)
    divt.o                    common/divt.s(18)
    copydata.o                common/copydata.s(9)
    zerobss.o                 common/zerobss.s(9)
    udiv.o                    runtime/udiv.s(10)
    stricmp.o                 common/stricmp.s(11)
    strchr.o                  common/strchr.s(10)
    staxspi.o                 runtime/staxspi.s(10)
    staspidx.o                runtime/staspidx.s(9)
    pushw.o                   runtime/pushw.s(9)
    popptr1.o                 runtime/popptr1.s(9)
    mulax10.o                 runtime/mulax10.s(9)
    mul8.o                    runtime/mul8.s(10)
    mul.o                     runtime/mul.s(10)
    mktime.o                  ../libwrk/supervision/mktime.s(11)
    ludiv.o                   runtime/ludiv.s(10)
    ltoa.o                    common/ltoa.s(11)
    ldaxi.o                   runtime/ldaxi.s(8)
    call.o                    runtime/call.s(8)
    atoi.o                    common/atoi.s(10)
    io.o                      io.s(11)
    m6242.o                   m6242.s(11)
    hd44780.o                 hd44780.s(11)
    mos6551.o                 mos6551.s(11)
    mc6840.o                  mc6840.s(11)
ptr2 (zeropage.o):
    copydata.o                common/copydata.s(9)
    strlen.o                  common/strlen.s(12)
    stricmp.o                 common/stricmp.s(11)
    lumod.o                   runtime/lumod.s(10)
    ludiv.o                   runtime/ludiv.s(10)
    ltoa.o                    common/ltoa.s(11)
    itoa.o                    common/itoa.s(11)
    atoi.o                    common/atoi.s(10)
ptr3 (zeropage.o):
    lmul.o                    runtime/lmul.s(10)
    ludiv.o                   runtime/ludiv.s(10)
    ltoa.o                    common/ltoa.s(11)
    itoa.o                    common/itoa.s(11)
ptr4 (zeropage.o):
    shelp.o                   runtime/shelp.s(12)
    lmul.o                    runtime/lmul.s(10)
    umod.o                    runtime/umod.s(9)
    udiv.o                    runtime/udiv.s(10)
    mul8.o                    runtime/mul8.s(10)
    mul.o                     runtime/mul.s(10)
    ludiv.o                   runtime/ludiv.s(10)
push0 (pushax.o):
    parser.o                  parser.s(544)
    parser.o                  parser.s(544)
    parser.o                  parser.s(544)
push0ax (lpush.o):
    mc6840.o                  mc6840.s(354)
pusha (pusha.o):
    main.o                    main.s(600)
    main.o                    main.s(600)
    main.o                    main.s(600)
    parser.o                  parser.s(544)
    parser.o                  parser.s(544)
    io.o                      io.s(223)
    io.o                      io.s(223)
    io.o                      io.s(223)
    io.o                      io.s(223)
    m6242.o                   m6242.s(547)
    m6242.o                   m6242.s(547)
    hd44780.o                 hd44780.s(265)
    hd44780.o                 hd44780.s(265)
    hd44780.o                 hd44780.s(265)
    hd44780.o                 hd44780.s(265)
    hd44780.o                 hd44780.s(265)
    mos6551.o                 mos6551.s(154)
pusha0 (pushax.o):
    main.o                    main.s(600)
    parser.o                  parser.s(544)
    io.o                      io.s(223)
    m6242.o                   m6242.s(547)
    m6242.o                   m6242.s(547)
pushax (pushax.o):
    strtok.o                  ../libwrk/supervision/strtok.s(125)
    pushw.o                   runtime/pushw.s(8)
    mktime.o                  ../libwrk/supervision/mktime.s(592)
    mktime.o                  ../libwrk/supervision/mktime.s(592)
    main.o                    main.s(600)
    main.o                    main.s(600)
    main.o                    main.s(600)
    parser.o                  parser.s(544)
    parser.o                  parser.s(544)
    parser.o                  parser.s(544)
    parser.o                  parser.s(544)
    parser.o                  parser.s(544)
    parser.o                  parser.s(544)
    io.o                      io.s(223)
    io.o                      io.s(223)
    m6242.o                   m6242.s(547)
    m6242.o                   m6242.s(547)
    hd44780.o                 hd44780.s(265)
    hd44780.o                 hd44780.s(265)
    mos6551.o                 mos6551.s(154)
    mc6840.o                  mc6840.s(354)
    mc6840.o                  mc6840.s(354)
    mc6840.o                  mc6840.s(354)
pusheax (lpush.o):
    mktime.o                  ../libwrk/supervision/mktime.s(592)
    main.o                    main.s(600)
    main.o                    main.s(600)
    parser.o                  parser.s(544)
    mc6840.o                  mc6840.s(354)
pushw (pushw.o):
    mktime.o                  ../libwrk/supervision/mktime.s(592)
pushw0sp (pushwsp.o):
    mktime.o                  ../libwrk/supervision/mktime.s(592)
    parser.o                  parser.s(544)
    parser.o                  parser.s(544)
    parser.o                  parser.s(544)
    io.o                      io.s(223)
pushwidx (pushw.o):
    parser.o                  parser.s(544)
pushwysp (pushwsp.o):
    strtok.o                  ../libwrk/supervision/strtok.s(125)
    parser.o                  parser.s(544)
regbank (zeropage.o):
    strtok.o                  ../libwrk/supervision/strtok.s(10)
    regswap2.o                runtime/regswap2.s(8)
    mktime.o                  ../libwrk/supervision/mktime.s(10)
regswap2 (regswap2.o):
    strtok.o                  ../libwrk/supervision/strtok.s(125)
    mktime.o                  ../libwrk/supervision/mktime.s(592)
shrax2 (shrax2.o):
    mktime.o                  ../libwrk/supervision/mktime.s(592)
sp (zeropage.o):
    lmul.o                    runtime/lmul.s(10)
    lcmp.o                    runtime/lcmp.s(10)
    ladd.o                    runtime/ladd.s(9)
    decsp4.o                  runtime/decsp4.s(8)
    decsp3.o                  runtime/decsp3.s(8)
    decsp2.o                  runtime/decsp2.s(8)
    addysp.o                  runtime/addysp.s(8)
    add.o                     runtime/add.s(12)
    toslong.o                 runtime/toslong.s(9)
    sub.o                     runtime/sub.s(9)
    strtok.o                  ../libwrk/supervision/strtok.s(10)
    staxspi.o                 runtime/staxspi.s(10)
    staxsp.o                  runtime/staxsp.s(8)
    staspidx.o                runtime/staspidx.s(9)
    regswap2.o                runtime/regswap2.s(8)
    pushwsp.o                 runtime/pushwsp.s(8)
    pushax.o                  runtime/pushax.s(8)
    pusha.o                   runtime/pusha.s(8)
    popptr1.o                 runtime/popptr1.s(9)
    mktime.o                  ../libwrk/supervision/mktime.s(10)
    ludiv.o                   runtime/ludiv.s(10)
    lsub.o                    runtime/lsub.s(12)
    lpush.o                   runtime/lpush.s(13)
    lor.o                     runtime/lor.s(10)
    ldaxsp.o                  runtime/ldaxsp.s(8)
    itoa.o                    common/itoa.s(11)
    incsp2.o                  runtime/incsp2.s(8)
    incsp1.o                  runtime/incsp1.s(8)
    icmp.o                    runtime/icmp.s(9)
    decsp1.o                  runtime/decsp1.s(8)
    crt0.o                    /opt/cc65/asminc/zeropage.inc(11)
    and.o                     runtime/and.s(9)
    parser.o                  parser.s(10)
    io.o                      io.s(10)
    m6242.o                   m6242.s(10)
    hd44780.o                 hd44780.s(10)
    mos6551.o                 mos6551.s(10)
    mc6840.o                  mc6840.s(10)
sreg (zeropage.o):
    lmul.o                    runtime/lmul.s(10)
    lcmp.o                    runtime/lcmp.s(10)
    ladd.o                    runtime/ladd.s(9)
    divt.o                    common/divt.s(18)
    umod.o                    runtime/umod.s(9)
    udiv.o                    runtime/udiv.s(10)
    mktime.o                  ../libwrk/supervision/mktime.s(10)
    lumod.o                   runtime/lumod.s(10)
    ludiv.o                   runtime/ludiv.s(10)
    ltoa.o                    common/ltoa.s(11)
    lsub.o                    runtime/lsub.s(12)
    lpush.o                   runtime/lpush.s(13)
    lor.o                     runtime/lor.s(10)
    lneg.o                    runtime/lneg.s(11)
    itoa.o                    common/itoa.s(11)
    icmp.o                    runtime/icmp.s(9)
    axlong.o                  runtime/axlong.s(9)
    atoi.o                    common/atoi.s(10)
    along.o                   runtime/along.s(9)
    main.o                    main.s(10)
    m6242.o                   m6242.s(10)
    mc6840.o                  mc6840.s(10)
staspidx (staspidx.o):
    io.o                      io.s(223)
stax0sp (staxsp.o):
    strtok.o                  ../libwrk/supervision/strtok.s(125)
    mktime.o                  ../libwrk/supervision/mktime.s(592)
    hd44780.o                 hd44780.s(265)
    mos6551.o                 mos6551.s(154)
staxspidx (staxspi.o):
    mktime.o                  ../libwrk/supervision/mktime.s(592)
    mc6840.o                  mc6840.s(354)
staxysp (staxsp.o):
    mktime.o                  ../libwrk/supervision/mktime.s(592)
tmp1 (zeropage.o):
    shelp.o                   runtime/shelp.s(12)
    div.o                     runtime/div.s(12)
    ladd.o                    runtime/ladd.s(9)
    divt.o                    common/divt.s(18)
    decaxy.o                  runtime/decaxy.s(8)
    copydata.o                common/copydata.s(9)
    aslax1.o                  runtime/aslax1.s(8)
    stricmp.o                 common/stricmp.s(11)
    strchr.o                  common/strchr.s(10)
    staxspi.o                 runtime/staxspi.s(10)
    staspidx.o                runtime/staspidx.s(9)
    shrax2.o                  runtime/shrax2.s(8)
    mul.o                     runtime/mul.s(10)
    mktime.o                  ../libwrk/supervision/mktime.s(11)
    ltoa.o                    common/ltoa.s(11)
    lor.o                     runtime/lor.s(10)
    itoa.o                    common/itoa.s(11)
    incaxy.o                  runtime/incaxy.s(8)
    atoi.o                    common/atoi.s(10)
    parser.o                  parser.s(11)
tmp2 (zeropage.o):
    shelp.o                   runtime/shelp.s(12)
    div.o                     runtime/div.s(12)
    lmul.o                    runtime/lmul.s(10)
tmp3 (zeropage.o):
    lmul.o                    runtime/lmul.s(10)
    lumod.o                   runtime/lumod.s(10)
    ludiv.o                   runtime/ludiv.s(10)
tmp4 (zeropage.o):
    lmul.o                    runtime/lmul.s(10)
    lumod.o                   runtime/lumod.s(10)
    ludiv.o                   runtime/ludiv.s(10)
tosaddax (add.o):
    mktime.o                  ../libwrk/supervision/mktime.s(592)
tosaddeax (ladd.o):
    mktime.o                  ../libwrk/supervision/mktime.s(592)
tosanda0 (and.o):
    io.o                      io.s(223)
tosdivax (div.o):
    divt.o                    common/divt.s(17)
tosicmp (icmp.o):
    mktime.o                  ../libwrk/supervision/mktime.s(592)
    parser.o                  parser.s(544)
tosicmp0 (icmp.o):
    io.o                      io.s(223)
toslcmp (lcmp.o):
    lne.o                     runtime/lne.s(8)
tosmula0 (mul8.o):
    parser.o                  parser.s(544)
tosneeax (lne.o):
    main.o                    main.s(600)
tosor0ax (lor.o):
    mc6840.o                  mc6840.s(354)
tossuba0 (sub.o):
    io.o                      io.s(223)
tossubeax (lsub.o):
    main.o                    main.s(600)
    mc6840.o                  mc6840.s(354)
tosudiv0ax (ludiv.o):
    main.o                    main.s(600)
tosudiva0 (udiv.o):
    m6242.o                   m6242.s(547)
    m6242.o                   m6242.s(547)
tosudiveax (ludiv.o):
    mc6840.o                  mc6840.s(354)
tosulong (toslong.o):
    mc6840.o                  mc6840.s(354)
tosumod0ax (lumod.o):
    main.o                    main.s(600)
tosumoda0 (umod.o):
    mktime.o                  ../libwrk/supervision/mktime.s(592)
    mktime.o                  ../libwrk/supervision/mktime.s(592)
    m6242.o                   m6242.s(547)
    m6242.o                   m6242.s(547)
tosumodax (umod.o):
    mktime.o                  ../libwrk/supervision/mktime.s(592)
tosumul0ax (lmul.o):
    mktime.o                  ../libwrk/supervision/mktime.s(592)
tosumula0 (mul8.o):
    mktime.o                  ../libwrk/supervision/mktime.s(592)
    mc6840.o                  mc6840.s(354)
tosumulax (mul.o):
    mktime.o                  ../libwrk/supervision/mktime.s(592)
tosumuleax (lmul.o):
    mktime.o                  ../libwrk/supervision/mktime.s(592)
udiv16 (udiv.o):
    shelp.o                   runtime/shelp.s(11)
    umod.o                    runtime/umod.s(8)
udiv32 (ludiv.o):
    lumod.o                   runtime/lumod.s(9)
zerobss (zerobss.o):
    crt0.o                    crt0.s(13)

