Modules list:
-------------
interrupt.o:
    CODE              Offs=000000  Size=000085  Align=00001  Fill=0000
vectors.o:
    VECTORS           Offs=000000  Size=000006  Align=00001  Fill=0000
mc6840.o:
    CODE              Offs=000085  Size=00017C  Align=00001  Fill=0000
    BSS               Offs=000000  Size=00007A  Align=00001  Fill=0000
    DATA              Offs=000000  Size=000006  Align=00001  Fill=0000
mos6551.o:
    CODE              Offs=000201  Size=00009F  Align=00001  Fill=0000
    BSS               Offs=00007A  Size=000201  Align=00001  Fill=0000
    DATA              Offs=000006  Size=000003  Align=00001  Fill=0000
hd44780.o:
    CODE              Offs=0002A0  Size=000140  Align=00001  Fill=0000
    RODATA            Offs=000000  Size=000015  Align=00001  Fill=0000
delay.o:
    CODE              Offs=0003E0  Size=000013  Align=00001  Fill=0000
m6242.o:
    CODE              Offs=0003F3  Size=0003AC  Align=00001  Fill=0000
    BSS               Offs=00027B  Size=000020  Align=00001  Fill=0000
io.o:
    CODE              Offs=00079F  Size=00012F  Align=00001  Fill=0000
    DATA              Offs=000009  Size=000001  Align=00001  Fill=0000
parser.o:
    CODE              Offs=0008CE  Size=00037B  Align=00001  Fill=0000
    RODATA            Offs=000015  Size=000085  Align=00001  Fill=0000
cf.o:
    CODE              Offs=000C49  Size=000238  Align=00001  Fill=0000
diskio.o:
    CODE              Offs=000E81  Size=0000CA  Align=00001  Fill=0000
    BSS               Offs=00029B  Size=000006  Align=00001  Fill=0000
    DATA              Offs=00000A  Size=000001  Align=00001  Fill=0000
main.o:
    CODE              Offs=000F4B  Size=000317  Align=00001  Fill=0000
    RODATA            Offs=00009A  Size=00003E  Align=00001  Fill=0000
    BSS               Offs=0002A1  Size=000014  Align=00001  Fill=0000
    DATA              Offs=00000B  Size=000007  Align=00001  Fill=0000
./lib/ethergeiger.lib(_hextab.o):
    RODATA            Offs=0000D8  Size=000010  Align=00001  Fill=0000
./lib/ethergeiger.lib(_longminstr.o):
    RODATA            Offs=0000E8  Size=00000C  Align=00001  Fill=0000
./lib/ethergeiger.lib(addeqsp.o):
    CODE              Offs=001262  Size=000011  Align=00001  Fill=0000
./lib/ethergeiger.lib(addysp.o):
    CODE              Offs=001273  Size=00000E  Align=00001  Fill=0000
./lib/ethergeiger.lib(aslax1.o):
    CODE              Offs=001281  Size=000008  Align=00001  Fill=0000
./lib/ethergeiger.lib(atoi.o):
    CODE              Offs=001289  Size=000091  Align=00001  Fill=0000
./lib/ethergeiger.lib(axlong.o):
    CODE              Offs=00131A  Size=00000D  Align=00001  Fill=0000
./lib/ethergeiger.lib(bneg.o):
    CODE              Offs=001327  Size=00000E  Align=00001  Fill=0000
./lib/ethergeiger.lib(call.o):
    CODE              Offs=001335  Size=000007  Align=00001  Fill=0000
./lib/ethergeiger.lib(condes.o):
    CODE              Offs=00133C  Size=00000C  Align=00001  Fill=0000
    DATA              Offs=000012  Size=000025  Align=00001  Fill=0000
    ONCE              Offs=000000  Size=00000C  Align=00001  Fill=0000
./lib/ethergeiger.lib(copydata.o):
    CODE              Offs=001348  Size=00002D  Align=00001  Fill=0000
./lib/ethergeiger.lib(crt0.o):
    STARTUP           Offs=000000  Size=00001C  Align=00001  Fill=0000
./lib/ethergeiger.lib(ctype.o):
    RODATA            Offs=0000F4  Size=00008B  Align=00001  Fill=0000
./lib/ethergeiger.lib(ctypemask.o):
    CODE              Offs=001375  Size=00001E  Align=00001  Fill=0000
./lib/ethergeiger.lib(decax1.o):
    CODE              Offs=001393  Size=000007  Align=00001  Fill=0000
./lib/ethergeiger.lib(decaxy.o):
    CODE              Offs=00139A  Size=000009  Align=00001  Fill=0000
./lib/ethergeiger.lib(decsp1.o):
    CODE              Offs=0013A3  Size=000009  Align=00001  Fill=0000
./lib/ethergeiger.lib(decsp2.o):
    CODE              Offs=0013AC  Size=00000D  Align=00001  Fill=0000
./lib/ethergeiger.lib(decsp3.o):
    CODE              Offs=0013B9  Size=00000D  Align=00001  Fill=0000
./lib/ethergeiger.lib(decsp4.o):
    CODE              Offs=0013C6  Size=00000D  Align=00001  Fill=0000
./lib/ethergeiger.lib(decsp6.o):
    CODE              Offs=0013D3  Size=00000D  Align=00001  Fill=0000
./lib/ethergeiger.lib(div.o):
    CODE              Offs=0013E0  Size=000015  Align=00001  Fill=0000
./lib/ethergeiger.lib(divt.o):
    CODE              Offs=0013F5  Size=000015  Align=00001  Fill=0000
./lib/ethergeiger.lib(icmp.o):
    CODE              Offs=00140A  Size=00002E  Align=00001  Fill=0000
./lib/ethergeiger.lib(incaxy.o):
    CODE              Offs=001438  Size=00000B  Align=00001  Fill=0000
./lib/ethergeiger.lib(incsp1.o):
    CODE              Offs=001443  Size=000007  Align=00001  Fill=0000
./lib/ethergeiger.lib(incsp2.o):
    CODE              Offs=00144A  Size=000015  Align=00001  Fill=0000
./lib/ethergeiger.lib(incsp3.o):
    CODE              Offs=00145F  Size=000005  Align=00001  Fill=0000
./lib/ethergeiger.lib(incsp4.o):
    CODE              Offs=001464  Size=000005  Align=00001  Fill=0000
./lib/ethergeiger.lib(incsp5.o):
    CODE              Offs=001469  Size=000005  Align=00001  Fill=0000
./lib/ethergeiger.lib(incsp7.o):
    CODE              Offs=00146E  Size=000005  Align=00001  Fill=0000
./lib/ethergeiger.lib(incsp8.o):
    CODE              Offs=001473  Size=000005  Align=00001  Fill=0000
./lib/ethergeiger.lib(itoa.o):
    CODE              Offs=001478  Size=000094  Align=00001  Fill=0000
    RODATA            Offs=00017F  Size=000007  Align=00001  Fill=0000
./lib/ethergeiger.lib(jmpvec.o):
    DATA              Offs=000037  Size=000003  Align=00001  Fill=0000
./lib/ethergeiger.lib(ladd.o):
    CODE              Offs=00150C  Size=000024  Align=00001  Fill=0000
./lib/ethergeiger.lib(lcmp.o):
    CODE              Offs=001530  Size=00003B  Align=00001  Fill=0000
./lib/ethergeiger.lib(ldaxi.o):
    CODE              Offs=00156B  Size=00000D  Align=00001  Fill=0000
./lib/ethergeiger.lib(ldaxsp.o):
    CODE              Offs=001578  Size=000009  Align=00001  Fill=0000
./lib/ethergeiger.lib(ldeaxi.o):
    CODE              Offs=001581  Size=000017  Align=00001  Fill=0000
./lib/ethergeiger.lib(ldeaxysp.o):
    CODE              Offs=001598  Size=000013  Align=00001  Fill=0000
./lib/ethergeiger.lib(ldiv.o):
    CODE              Offs=0015AB  Size=00001C  Align=00001  Fill=0000
./lib/ethergeiger.lib(leaaxsp.o):
    CODE              Offs=0015C7  Size=00000C  Align=00001  Fill=0000
./lib/ethergeiger.lib(lmul.o):
    CODE              Offs=0015D3  Size=000059  Align=00001  Fill=0000
./lib/ethergeiger.lib(lne.o):
    CODE              Offs=00162C  Size=000006  Align=00001  Fill=0000
./lib/ethergeiger.lib(lneg.o):
    CODE              Offs=001632  Size=00001E  Align=00001  Fill=0000
./lib/ethergeiger.lib(lor.o):
    CODE              Offs=001650  Size=000021  Align=00001  Fill=0000
./lib/ethergeiger.lib(lpush.o):
    CODE              Offs=001671  Size=00001E  Align=00001  Fill=0000
./lib/ethergeiger.lib(lshelp.o):
    CODE              Offs=00168F  Size=000052  Align=00001  Fill=0000
./lib/ethergeiger.lib(lsub.o):
    CODE              Offs=0016E1  Size=000024  Align=00001  Fill=0000
./lib/ethergeiger.lib(ltoa.o):
    CODE              Offs=001705  Size=000093  Align=00001  Fill=0000
./lib/ethergeiger.lib(ludiv.o):
    CODE              Offs=001798  Size=000077  Align=00001  Fill=0000
./lib/ethergeiger.lib(lumod.o):
    CODE              Offs=00180F  Size=000017  Align=00001  Fill=0000
./lib/ethergeiger.lib(makebool.o):
    CODE              Offs=001826  Size=00002C  Align=00001  Fill=0000
./lib/ethergeiger.lib(mktime.o):
    CODE              Offs=001852  Size=0003D7  Align=00001  Fill=0000
    RODATA            Offs=000186  Size=00002E  Align=00001  Fill=0000
./lib/ethergeiger.lib(mod.o):
    CODE              Offs=001C29  Size=000011  Align=00001  Fill=0000
./lib/ethergeiger.lib(mul.o):
    CODE              Offs=001C3A  Size=000045  Align=00001  Fill=0000
./lib/ethergeiger.lib(mul8.o):
    CODE              Offs=001C7F  Size=00003A  Align=00001  Fill=0000
./lib/ethergeiger.lib(mulax10.o):
    CODE              Offs=001CB9  Size=000019  Align=00001  Fill=0000
./lib/ethergeiger.lib(negabs.o):
    CODE              Offs=001CD2  Size=000012  Align=00001  Fill=0000
./lib/ethergeiger.lib(popptr1.o):
    CODE              Offs=001CE4  Size=00000E  Align=00001  Fill=0000
./lib/ethergeiger.lib(pusha.o):
    CODE              Offs=001CF2  Size=000016  Align=00001  Fill=0000
./lib/ethergeiger.lib(pushax.o):
    CODE              Offs=001D08  Size=00001A  Align=00001  Fill=0000
./lib/ethergeiger.lib(pushw.o):
    CODE              Offs=001D22  Size=00000F  Align=00001  Fill=0000
./lib/ethergeiger.lib(pushwsp.o):
    CODE              Offs=001D31  Size=00001C  Align=00001  Fill=0000
./lib/ethergeiger.lib(regswap2.o):
    CODE              Offs=001D4D  Size=000016  Align=00001  Fill=0000
./lib/ethergeiger.lib(shelp.o):
    CODE              Offs=001D63  Size=000020  Align=00001  Fill=0000
./lib/ethergeiger.lib(shrax2.o):
    CODE              Offs=001D83  Size=00000B  Align=00001  Fill=0000
./lib/ethergeiger.lib(staspidx.o):
    CODE              Offs=001D8E  Size=000016  Align=00001  Fill=0000
./lib/ethergeiger.lib(staxsp.o):
    CODE              Offs=001DA4  Size=00000B  Align=00001  Fill=0000
./lib/ethergeiger.lib(staxspi.o):
    CODE              Offs=001DAF  Size=00001A  Align=00001  Fill=0000
./lib/ethergeiger.lib(steaxsp.o):
    CODE              Offs=001DC9  Size=000015  Align=00001  Fill=0000
./lib/ethergeiger.lib(steaxspi.o):
    CODE              Offs=001DDE  Size=000022  Align=00001  Fill=0000
./lib/ethergeiger.lib(strchr.o):
    CODE              Offs=001E00  Size=000025  Align=00001  Fill=0000
./lib/ethergeiger.lib(stricmp.o):
    CODE              Offs=001E25  Size=000043  Align=00001  Fill=0000
./lib/ethergeiger.lib(strtok.o):
    CODE              Offs=001E68  Size=0000C2  Align=00001  Fill=0000
    DATA              Offs=00003A  Size=000002  Align=00001  Fill=0000
./lib/ethergeiger.lib(sub.o):
    CODE              Offs=001F2A  Size=000014  Align=00001  Fill=0000
./lib/ethergeiger.lib(subysp.o):
    CODE              Offs=001F3E  Size=00000D  Align=00001  Fill=0000
./lib/ethergeiger.lib(timezone.o):
    DATA              Offs=00003C  Size=00000F  Align=00001  Fill=0000
./lib/ethergeiger.lib(toslong.o):
    CODE              Offs=001F4B  Size=000032  Align=00001  Fill=0000
./lib/ethergeiger.lib(udiv.o):
    CODE              Offs=001F7D  Size=00004F  Align=00001  Fill=0000
./lib/ethergeiger.lib(umod.o):
    CODE              Offs=001FCC  Size=000011  Align=00001  Fill=0000
./lib/ethergeiger.lib(zerobss.o):
    CODE              Offs=001FDD  Size=000023  Align=00001  Fill=0000
./lib/ethergeiger.lib(zeropage.o):
    ZEROPAGE          Offs=000000  Size=00001A  Align=00001  Fill=0000


Segment list:
-------------
Name                   Start     End    Size  Align
----------------------------------------------------
ZEROPAGE              000000  000019  00001A  00001
DATA                  000200  00024A  00004B  00001
BSS                   00024B  0004FF  0002B5  00001
STARTUP               00804B  008066  00001C  00001
ONCE                  008067  008072  00000C  00001
CODE                  008073  00A072  002000  00001
RODATA                00A073  00A226  0001B4  00001
VECTORS               00FFFA  00FFFF  000006  00001


Exports list by name:
---------------------
__BSS_RUN__               00024B RLA    __BSS_SIZE__              0002B5 REA    
__CONSTRUCTOR_COUNT__     000000 REA    __CONSTRUCTOR_TABLE__     008067 RLA    
__DATA_LOAD__             008000 RLA    __DATA_RUN__              000200 RLA    
__DATA_SIZE__             00004B REA    __DESTRUCTOR_COUNT__      000000 REA    
__DESTRUCTOR_TABLE__      008067 RLA    __RAM_SIZE__              001E00 REA    
__RAM_START__             000200 RLA    __STARTUP__               000001 REA    
__ctype                   00A167 RLA    __ctypeidx                00A172 RLA    
__hextab                  00A14B RLA    __longminstr              00A15B RLA    
__tz                      00023C RLA    _atoi                     0092FC RLA    
_cfGetSizeInfo            008DDE RLA    _cfInit                   008CBC RLA    
_cfReadBlocks             008CE2 RLA    _cfWriteBlocks            008D60 RLA    
_delay_16us               008453 RLA    _delay_ms                 00845C RLA    
_div                      009468 RLA    _geiger_ind               000205 RLA    
_geiger_pulses            00024B RLA    _get_geiger_pulses        00817D RLA    
_hd44780_clrscr           00842F RLA    _hd44780_gotoxy           0083E4 RLA    
_hd44780_init             008313 RLA    _hd44780_putc             008372 RLA    
_hd44780_puts             0083B4 RLA    _init                     00804B RLA    
_irq_int                  008074 RLA    _key_init                 008812 RLA    
_key_update               008859 RLA    _m6242_init               008466 RLA    
_m6242_read_date_str      0084F1 RLA    _m6242_read_time_str      00847B RLA    
_m6242_setdate            0087AC RLA    _m6242_settime            008746 RLA    
_main                     0091EE RLA    _mc6840_init              0080F8 RLA    
_millis                   00814E RLA    _milliseconds             000200 RLA    
_mktime                   0098C5 RLA    _mos6551_handle_rx        0082CD RLA    
_mos6551_init             008274 RLA    _mos6551_puts             00829A RLA    
_mos6551_rxrb             0002C6 RLA    _mos6551_rxrb_head        000206 RLA    
_nmi_int                  008073 RLA    _parse_cmd                008941 RLA    
_port_clr                 00891D RLA    _port_set                 00890C RLA    
_port_tgl                 008930 RLA    _port_write               0088FE RLA    
_strcasecmp               009E98 RLA    _strchr                   009E73 RLA    
_strtok                   009EDB RLA    _tmp16                    0002C3 RLA    
_ultoa                    0097CF RLA    _uptime                   00815F RLA    
_uptime_value             000201 RLA    _utoa                     00954B RLA    
addeq0sp                  0092D5 RLA    addysp                    0092E7 RLA    
addysp1                   0092E6 RLA    aslax1                    0092F4 RLA    
axulong                   009393 RLA    bnega                     00939E RLA    
boolne                    009899 RLA    callax                    0093A8 RLA    
copydata                  0093BB RLA    ctypemaskdirect           0093EC RLA    
decax1                    009406 RLA    decaxy                    00940D RLA    
decsp1                    009416 RLA    decsp2                    00941F RLA    
decsp3                    00942C RLA    decsp4                    009439 RLA    
decsp6                    009446 RLA    donelib                   0093AF RLA    
getlop                    00981A RLA    incax4                    0094AB RLA    
incaxy                    0094AD RLA    incsp1                    0094B6 RLA    
incsp2                    0094C4 RLA    incsp3                    0094D2 RLA    
incsp4                    0094D7 RLA    incsp5                    0094DC RLA    
incsp7                    0094E1 RLA    incsp8                    0094E6 RLA    
initlib                   008067 RLA    jmpvec                    000237 RLA    
ldax0sp                   0095EB RLA    ldaxi                     0095DE RLA    
ldaxidx                   0095E0 RLA    ldaxysp                   0095ED RLA    
ldeax0sp                  00960B RLA    ldeaxi                    0095F4 RLA    
ldeaxysp                  00960D RLA    leaa0sp                   00963A RLA    
mul8x16                   009CF4 RLA    mul8x16a                  009CFE RLA    
mulax10                   009D2C RLA    negax                     009D49 RLA    
negeax                    0096A5 RLA    popax                     0094BD RLA    
poplsargs                 009702 RLA    popptr1                   009D57 RLA    
popsargsudiv16            009DD6 RLA    ptr1                      000008 RLZ    
ptr2                      00000A RLZ    ptr3                      00000C RLZ    
ptr4                      00000E RLZ    push0                     009D7B RLA    
push0ax                   0096E7 RLA    pusha                     009D69 RLA    
pusha0                    009D7D RLA    pushax                    009D7F RLA    
pusheax                   0096EB RLA    pushw0sp                  009DA4 RLA    
pushwidx                  009D97 RLA    pushwysp                  009DA6 RLA    
regbank                   000014 RLZ    regswap2                  009DC0 RLA    
shrax2                    009DF6 RLA    sp                        000000 RLZ    
sreg                      000002 RLZ    staspidx                  009E01 RLA    
stax0sp                   009E17 RLA    staxspidx                 009E22 RLA    
staxysp                   009E19 RLA    steax0sp                  009E3C RLA    
steaxspidx                009E51 RLA    steaxysp                  009E3E RLA    
subysp                    009FB1 RLA    tmp1                      000010 RLZ    
tmp2                      000011 RLZ    tmp3                      000012 RLZ    
tmp4                      000013 RLZ    tosaddeax                 009585 RLA    
tosdiva0                  009453 RLA    tosdivax                  009455 RLA    
tosdiveax                 009624 RLA    tosicmp                   00947F RLA    
toslcmp                   0095A3 RLA    tosmoda0                  009C9C RLA    
tosmula0                  009CF2 RLA    tosneeax                  00969F RLA    
tosor0ax                  0096C3 RLA    tosoreax                  0096C7 RLA    
tossuba0                  009F9D RLA    tossubeax                 009758 RLA    
tosudiv0ax                00980B RLA    tosulong                  009FBE RLA    
tosumod0ax                009882 RLA    tosumoda0                 00A03F RLA    
tosumodax                 00A041 RLA    tosumul0ax                009646 RLA    
tosumula0                 009CF2 RLA    tosumulax                 009CAD RLA    
tosumuleax                00964A RLA    udiv16                    00A001 RLA    
udiv32                    00983D RLA    zerobss                   00A050 RLA    



Exports list by value:
----------------------
__CONSTRUCTOR_COUNT__     000000 REA    __DESTRUCTOR_COUNT__      000000 REA    
sp                        000000 RLZ    __STARTUP__               000001 REA    
sreg                      000002 RLZ    ptr1                      000008 RLZ    
ptr2                      00000A RLZ    ptr3                      00000C RLZ    
ptr4                      00000E RLZ    tmp1                      000010 RLZ    
tmp2                      000011 RLZ    tmp3                      000012 RLZ    
tmp4                      000013 RLZ    regbank                   000014 RLZ    
__DATA_SIZE__             00004B REA    __DATA_RUN__              000200 RLA    
__RAM_START__             000200 RLA    _milliseconds             000200 RLA    
_uptime_value             000201 RLA    _geiger_ind               000205 RLA    
_mos6551_rxrb_head        000206 RLA    jmpvec                    000237 RLA    
__tz                      00023C RLA    __BSS_RUN__               00024B RLA    
_geiger_pulses            00024B RLA    __BSS_SIZE__              0002B5 REA    
_tmp16                    0002C3 RLA    _mos6551_rxrb             0002C6 RLA    
__RAM_SIZE__              001E00 REA    __DATA_LOAD__             008000 RLA    
_init                     00804B RLA    __CONSTRUCTOR_TABLE__     008067 RLA    
__DESTRUCTOR_TABLE__      008067 RLA    initlib                   008067 RLA    
_nmi_int                  008073 RLA    _irq_int                  008074 RLA    
_mc6840_init              0080F8 RLA    _millis                   00814E RLA    
_uptime                   00815F RLA    _get_geiger_pulses        00817D RLA    
_mos6551_init             008274 RLA    _mos6551_puts             00829A RLA    
_mos6551_handle_rx        0082CD RLA    _hd44780_init             008313 RLA    
_hd44780_putc             008372 RLA    _hd44780_puts             0083B4 RLA    
_hd44780_gotoxy           0083E4 RLA    _hd44780_clrscr           00842F RLA    
_delay_16us               008453 RLA    _delay_ms                 00845C RLA    
_m6242_init               008466 RLA    _m6242_read_time_str      00847B RLA    
_m6242_read_date_str      0084F1 RLA    _m6242_settime            008746 RLA    
_m6242_setdate            0087AC RLA    _key_init                 008812 RLA    
_key_update               008859 RLA    _port_write               0088FE RLA    
_port_set                 00890C RLA    _port_clr                 00891D RLA    
_port_tgl                 008930 RLA    _parse_cmd                008941 RLA    
_cfInit                   008CBC RLA    _cfReadBlocks             008CE2 RLA    
_cfWriteBlocks            008D60 RLA    _cfGetSizeInfo            008DDE RLA    
_main                     0091EE RLA    addeq0sp                  0092D5 RLA    
addysp1                   0092E6 RLA    addysp                    0092E7 RLA    
aslax1                    0092F4 RLA    _atoi                     0092FC RLA    
axulong                   009393 RLA    bnega                     00939E RLA    
callax                    0093A8 RLA    donelib                   0093AF RLA    
copydata                  0093BB RLA    ctypemaskdirect           0093EC RLA    
decax1                    009406 RLA    decaxy                    00940D RLA    
decsp1                    009416 RLA    decsp2                    00941F RLA    
decsp3                    00942C RLA    decsp4                    009439 RLA    
decsp6                    009446 RLA    tosdiva0                  009453 RLA    
tosdivax                  009455 RLA    _div                      009468 RLA    
tosicmp                   00947F RLA    incax4                    0094AB RLA    
incaxy                    0094AD RLA    incsp1                    0094B6 RLA    
popax                     0094BD RLA    incsp2                    0094C4 RLA    
incsp3                    0094D2 RLA    incsp4                    0094D7 RLA    
incsp5                    0094DC RLA    incsp7                    0094E1 RLA    
incsp8                    0094E6 RLA    _utoa                     00954B RLA    
tosaddeax                 009585 RLA    toslcmp                   0095A3 RLA    
ldaxi                     0095DE RLA    ldaxidx                   0095E0 RLA    
ldax0sp                   0095EB RLA    ldaxysp                   0095ED RLA    
ldeaxi                    0095F4 RLA    ldeax0sp                  00960B RLA    
ldeaxysp                  00960D RLA    tosdiveax                 009624 RLA    
leaa0sp                   00963A RLA    tosumul0ax                009646 RLA    
tosumuleax                00964A RLA    tosneeax                  00969F RLA    
negeax                    0096A5 RLA    tosor0ax                  0096C3 RLA    
tosoreax                  0096C7 RLA    push0ax                   0096E7 RLA    
pusheax                   0096EB RLA    poplsargs                 009702 RLA    
tossubeax                 009758 RLA    _ultoa                    0097CF RLA    
tosudiv0ax                00980B RLA    getlop                    00981A RLA    
udiv32                    00983D RLA    tosumod0ax                009882 RLA    
boolne                    009899 RLA    _mktime                   0098C5 RLA    
tosmoda0                  009C9C RLA    tosumulax                 009CAD RLA    
tosmula0                  009CF2 RLA    tosumula0                 009CF2 RLA    
mul8x16                   009CF4 RLA    mul8x16a                  009CFE RLA    
mulax10                   009D2C RLA    negax                     009D49 RLA    
popptr1                   009D57 RLA    pusha                     009D69 RLA    
push0                     009D7B RLA    pusha0                    009D7D RLA    
pushax                    009D7F RLA    pushwidx                  009D97 RLA    
pushw0sp                  009DA4 RLA    pushwysp                  009DA6 RLA    
regswap2                  009DC0 RLA    popsargsudiv16            009DD6 RLA    
shrax2                    009DF6 RLA    staspidx                  009E01 RLA    
stax0sp                   009E17 RLA    staxysp                   009E19 RLA    
staxspidx                 009E22 RLA    steax0sp                  009E3C RLA    
steaxysp                  009E3E RLA    steaxspidx                009E51 RLA    
_strchr                   009E73 RLA    _strcasecmp               009E98 RLA    
_strtok                   009EDB RLA    tossuba0                  009F9D RLA    
subysp                    009FB1 RLA    tosulong                  009FBE RLA    
udiv16                    00A001 RLA    tosumoda0                 00A03F RLA    
tosumodax                 00A041 RLA    zerobss                   00A050 RLA    
__hextab                  00A14B RLA    __longminstr              00A15B RLA    
__ctype                   00A167 RLA    __ctypeidx                00A172 RLA    



Imports list:
-------------
__BSS_RUN__ ([linker generated]):
    zerobss.o                 common/zerobss.s(8)
__BSS_SIZE__ ([linker generated]):
    zerobss.o                 common/zerobss.s(8)
__CONSTRUCTOR_COUNT__ ([linker generated]):
    condes.o                  runtime/condes.s(18)
__CONSTRUCTOR_TABLE__ ([linker generated]):
    condes.o                  runtime/condes.s(18)
__DATA_LOAD__ ([linker generated]):
    copydata.o                common/copydata.s(8)
__DATA_RUN__ ([linker generated]):
    copydata.o                common/copydata.s(8)
__DATA_SIZE__ ([linker generated]):
    copydata.o                common/copydata.s(8)
__DESTRUCTOR_COUNT__ ([linker generated]):
    condes.o                  runtime/condes.s(19)
__DESTRUCTOR_TABLE__ ([linker generated]):
    condes.o                  runtime/condes.s(19)
__RAM_SIZE__ ([linker generated]):
    crt0.o                    crt0.s(11)
__RAM_START__ ([linker generated]):
    crt0.o                    crt0.s(11)
__STARTUP__ (crt0.o):
    main.o                    main.s(13)
__ctype (ctype.o):
    ctypemask.o               common/ctypemask.s(23)
__ctypeidx (ctype.o):
    ctypemask.o               common/ctypemask.s(24)
__hextab (_hextab.o):
    ltoa.o                    common/ltoa.s(10)
    itoa.o                    common/itoa.s(10)
__longminstr (_longminstr.o):
    ltoa.o                    common/ltoa.s(10)
__tz (timezone.o):
    mktime.o                  ../libwrk/supervision/mktime.s(14)
_atoi (atoi.o):
    parser.o                  parser.s(13)
_cfGetSizeInfo (cf.o):
    diskio.o                  diskio.s(21)
_cfInit (cf.o):
    diskio.o                  diskio.s(18)
_cfReadBlocks (cf.o):
    diskio.o                  diskio.s(19)
_cfWriteBlocks (cf.o):
    diskio.o                  diskio.s(20)
_delay_16us (delay.o):
    hd44780.o                 hd44780.s(19)
_delay_ms (delay.o):
    hd44780.o                 hd44780.s(20)
_div (divt.o):
    mktime.o                  ../libwrk/supervision/mktime.s(13)
_geiger_ind (mc6840.o):
    interrupt.o               interrupt.s(10)
_geiger_pulses (mc6840.o):
    interrupt.o               interrupt.s(10)
_get_geiger_pulses (mc6840.o):
    main.o                    main.s(26)
_hd44780_clrscr (hd44780.o):
    main.o                    main.s(20)
_hd44780_gotoxy (hd44780.o):
    main.o                    main.s(19)
_hd44780_init (hd44780.o):
    main.o                    main.s(16)
_hd44780_putc (hd44780.o):
    main.o                    main.s(17)
_hd44780_puts (hd44780.o):
    main.o                    main.s(18)
_init (crt0.o):
    vectors.o                 vectors.s(7)
    interrupt.o               interrupt.s(9)
_irq_int (interrupt.o):
    vectors.o                 vectors.s(8)
_key_init (io.o):
    main.o                    main.s(30)
_key_update (io.o):
    main.o                    main.s(31)
_m6242_init (m6242.o):
    main.o                    main.s(27)
_m6242_read_date_str (m6242.o):
    main.o                    main.s(29)
    parser.o                  parser.s(22)
_m6242_read_time_str (m6242.o):
    main.o                    main.s(28)
    parser.o                  parser.s(21)
_m6242_setdate (m6242.o):
    parser.o                  parser.s(24)
_m6242_settime (m6242.o):
    parser.o                  parser.s(23)
_main (main.o):
    crt0.o                    crt0.s(8)
_mc6840_init (mc6840.o):
    main.o                    main.s(23)
_millis (mc6840.o):
    main.o                    main.s(24)
    io.o                      io.s(19)
_milliseconds (mc6840.o):
    interrupt.o               interrupt.s(9)
_mktime (mktime.o):
    m6242.o                   m6242.s(13)
_mos6551_handle_rx (mos6551.o):
    main.o                    main.s(22)
_mos6551_init (mos6551.o):
    main.o                    main.s(21)
_mos6551_puts (mos6551.o):
    parser.o                  parser.s(20)
_mos6551_rxrb (mos6551.o):
    interrupt.o               interrupt.s(9)
_mos6551_rxrb_head (mos6551.o):
    interrupt.o               interrupt.s(9)
_nmi_int (interrupt.o):
    vectors.o                 vectors.s(8)
_parse_cmd (parser.o):
    mos6551.o                 mos6551.s(17)
_port_clr (io.o):
    main.o                    main.s(34)
    mos6551.o                 mos6551.s(19)
_port_set (io.o):
    main.o                    main.s(33)
    mos6551.o                 mos6551.s(18)
_port_tgl (io.o):
    main.o                    main.s(35)
_port_write (io.o):
    main.o                    main.s(32)
_strcasecmp (stricmp.o):
    parser.o                  parser.s(17)
_strchr (strchr.o):
    strtok.o                  ../libwrk/supervision/strtok.s(13)
    parser.o                  parser.s(15)
_strtok (strtok.o):
    parser.o                  parser.s(16)
_tmp16 (mc6840.o):
    interrupt.o               interrupt.s(10)
_ultoa (ltoa.o):
    main.o                    main.s(15)
    parser.o                  parser.s(14)
_uptime (mc6840.o):
    main.o                    main.s(25)
    parser.o                  parser.s(19)
_uptime_value (mc6840.o):
    interrupt.o               interrupt.s(9)
_utoa (itoa.o):
    main.o                    main.s(14)
addeq0sp (addeqsp.o):
    mc6840.o                  mc6840.s(312)
addysp (addysp.o):
    mktime.o                  ../libwrk/supervision/mktime.s(618)
    incsp8.o                  runtime/incsp8.s(8)
    incsp7.o                  runtime/incsp7.s(8)
    incsp5.o                  runtime/incsp5.s(8)
    incsp4.o                  runtime/incsp4.s(8)
    incsp3.o                  runtime/incsp3.s(8)
    main.o                    main.s(497)
    parser.o                  parser.s(568)
addysp1 (addysp.o):
    lmul.o                    runtime/lmul.s(9)
    ladd.o                    runtime/ladd.s(8)
    sub.o                     runtime/sub.s(8)
    ludiv.o                   runtime/ludiv.s(9)
    lsub.o                    runtime/lsub.s(11)
    lor.o                     runtime/lor.s(9)
    itoa.o                    common/itoa.s(9)
aslax1 (aslax1.o):
    mktime.o                  ../libwrk/supervision/mktime.s(618)
axulong (axlong.o):
    mktime.o                  ../libwrk/supervision/mktime.s(618)
    main.o                    main.s(497)
    cf.o                      cf.s(334)
    mc6840.o                  mc6840.s(312)
bnega (bneg.o):
    cf.o                      cf.s(334)
    cf.o                      cf.s(334)
    io.o                      io.s(233)
boolne (makebool.o):
    lne.o                     runtime/lne.s(8)
callax (call.o):
    io.o                      io.s(233)
copydata (copydata.o):
    crt0.o                    crt0.s(13)
ctypemaskdirect (ctypemask.o):
    stricmp.o                 common/stricmp.s(17)
    atoi.o                    common/atoi.s(11)
decax1 (decax1.o):
    mktime.o                  ../libwrk/supervision/mktime.s(618)
    m6242.o                   m6242.s(547)
decaxy (decaxy.o):
    mktime.o                  ../libwrk/supervision/mktime.s(618)
decsp1 (decsp1.o):
    cf.o                      cf.s(334)
    cf.o                      cf.s(334)
    cf.o                      cf.s(334)
    hd44780.o                 hd44780.s(247)
    hd44780.o                 hd44780.s(247)
    mc6840.o                  mc6840.s(312)
    mc6840.o                  mc6840.s(312)
    mc6840.o                  mc6840.s(312)
decsp2 (decsp2.o):
    toslong.o                 runtime/toslong.s(8)
decsp3 (decsp3.o):
    strtok.o                  ../libwrk/supervision/strtok.s(125)
    parser.o                  parser.s(568)
decsp4 (decsp4.o):
    mktime.o                  ../libwrk/supervision/mktime.s(618)
    lpush.o                   runtime/lpush.s(12)
    mc6840.o                  mc6840.s(312)
decsp6 (decsp6.o):
    parser.o                  parser.s(568)
    parser.o                  parser.s(568)
donelib (condes.o):
    crt0.o                    crt0.s(13)
getlop (ludiv.o):
    lumod.o                   runtime/lumod.s(9)
    lshelp.o                  runtime/lshelp.s(11)
incax4 (incaxy.o):
    mktime.o                  ../libwrk/supervision/mktime.s(618)
incaxy (incaxy.o):
    m6242.o                   m6242.s(547)
    m6242.o                   m6242.s(547)
    m6242.o                   m6242.s(547)
incsp1 (incsp1.o):
    diskio.o                  diskio.s(190)
    diskio.o                  diskio.s(190)
    io.o                      io.s(233)
    io.o                      io.s(233)
    io.o                      io.s(233)
    io.o                      io.s(233)
    hd44780.o                 hd44780.s(247)
    hd44780.o                 hd44780.s(247)
    mos6551.o                 mos6551.s(161)
    mc6840.o                  mc6840.s(312)
    mc6840.o                  mc6840.s(312)
incsp2 (incsp2.o):
    staxspi.o                 runtime/staxspi.s(9)
    staspidx.o                runtime/staspidx.s(8)
    popptr1.o                 runtime/popptr1.s(8)
    mktime.o                  ../libwrk/supervision/mktime.s(618)
    parser.o                  parser.s(568)
    parser.o                  parser.s(568)
    parser.o                  parser.s(568)
    m6242.o                   m6242.s(547)
    m6242.o                   m6242.s(547)
    hd44780.o                 hd44780.s(247)
    mos6551.o                 mos6551.s(161)
    mc6840.o                  mc6840.s(312)
incsp3 (incsp3.o):
    io.o                      io.s(233)
    m6242.o                   m6242.s(547)
    m6242.o                   m6242.s(547)
    hd44780.o                 hd44780.s(247)
    mc6840.o                  mc6840.s(312)
incsp4 (incsp4.o):
    lcmp.o                    runtime/lcmp.s(9)
    diskio.o                  diskio.s(190)
    hd44780.o                 hd44780.s(247)
    mc6840.o                  mc6840.s(312)
incsp5 (incsp5.o):
    parser.o                  parser.s(568)
    io.o                      io.s(233)
incsp7 (incsp7.o):
    strtok.o                  ../libwrk/supervision/strtok.s(125)
    cf.o                      cf.s(334)
incsp8 (incsp8.o):
    diskio.o                  diskio.s(190)
    diskio.o                  diskio.s(190)
    cf.o                      cf.s(334)
    cf.o                      cf.s(334)
    parser.o                  parser.s(568)
    parser.o                  parser.s(568)
initlib (condes.o):
    crt0.o                    crt0.s(13)
jmpvec (jmpvec.o):
    parser.o                  parser.s(568)
ldax0sp (ldaxsp.o):
    strtok.o                  ../libwrk/supervision/strtok.s(125)
    mktime.o                  ../libwrk/supervision/mktime.s(618)
    io.o                      io.s(233)
    io.o                      io.s(233)
    m6242.o                   m6242.s(547)
    m6242.o                   m6242.s(547)
    hd44780.o                 hd44780.s(247)
    mos6551.o                 mos6551.s(161)
    mc6840.o                  mc6840.s(312)
ldaxi (ldaxi.o):
    mktime.o                  ../libwrk/supervision/mktime.s(618)
    mc6840.o                  mc6840.s(312)
ldaxidx (ldaxi.o):
    io.o                      io.s(233)
ldaxysp (ldaxsp.o):
    mktime.o                  ../libwrk/supervision/mktime.s(618)
    cf.o                      cf.s(334)
    cf.o                      cf.s(334)
    cf.o                      cf.s(334)
    parser.o                  parser.s(568)
    parser.o                  parser.s(568)
    parser.o                  parser.s(568)
    io.o                      io.s(233)
    io.o                      io.s(233)
    hd44780.o                 hd44780.s(247)
    mc6840.o                  mc6840.s(312)
ldeax0sp (ldeaxysp.o):
    mc6840.o                  mc6840.s(312)
ldeaxi (ldeaxi.o):
    cf.o                      cf.s(334)
ldeaxysp (ldeaxysp.o):
    main.o                    main.s(497)
    diskio.o                  diskio.s(190)
    diskio.o                  diskio.s(190)
    cf.o                      cf.s(334)
    cf.o                      cf.s(334)
leaa0sp (leaaxsp.o):
    main.o                    main.s(497)
    parser.o                  parser.s(568)
mul8x16 (mul8.o):
    mul.o                     runtime/mul.s(8)
mul8x16a (mul8.o):
    mul.o                     runtime/mul.s(8)
mulax10 (mulax10.o):
    m6242.o                   m6242.s(547)
negax (negabs.o):
    divt.o                    common/divt.s(17)
    shelp.o                   runtime/shelp.s(11)
    mod.o                     runtime/mod.s(11)
    div.o                     runtime/div.s(11)
negeax (lneg.o):
    ltoa.o                    common/ltoa.s(9)
    ldiv.o                    runtime/ldiv.s(11)
    atoi.o                    common/atoi.s(9)
popax (incsp2.o):
    strchr.o                  common/strchr.s(9)
    shelp.o                   runtime/shelp.s(11)
    ltoa.o                    common/ltoa.s(9)
poplsargs (lshelp.o):
    ldiv.o                    runtime/ldiv.s(11)
popptr1 (popptr1.o):
    umod.o                    runtime/umod.s(8)
    udiv.o                    runtime/udiv.s(9)
    stricmp.o                 common/stricmp.s(15)
    steaxspi.o                runtime/steaxspi.s(9)
    mul8.o                    runtime/mul8.s(9)
    mul.o                     runtime/mul.s(9)
    ltoa.o                    common/ltoa.s(9)
popsargsudiv16 (shelp.o):
    mod.o                     runtime/mod.s(11)
    div.o                     runtime/div.s(11)
ptr1 (zeropage.o):
    lmul.o                    runtime/lmul.s(10)
    lcmp.o                    runtime/lcmp.s(10)
    copydata.o                common/copydata.s(9)
    zerobss.o                 common/zerobss.s(9)
    udiv.o                    runtime/udiv.s(10)
    stricmp.o                 common/stricmp.s(16)
    strchr.o                  common/strchr.s(10)
    steaxspi.o                runtime/steaxspi.s(10)
    staxspi.o                 runtime/staxspi.s(10)
    staspidx.o                runtime/staspidx.s(9)
    shelp.o                   runtime/shelp.s(12)
    pushw.o                   runtime/pushw.s(9)
    popptr1.o                 runtime/popptr1.s(9)
    mulax10.o                 runtime/mulax10.s(9)
    mul8.o                    runtime/mul8.s(10)
    mul.o                     runtime/mul.s(10)
    mktime.o                  ../libwrk/supervision/mktime.s(11)
    ludiv.o                   runtime/ludiv.s(10)
    ltoa.o                    common/ltoa.s(11)
    lshelp.o                  runtime/lshelp.s(12)
    ldiv.o                    runtime/ldiv.s(12)
    ldeaxi.o                  runtime/ldeaxi.s(8)
    ldaxi.o                   runtime/ldaxi.s(8)
    div.o                     runtime/div.s(12)
    call.o                    runtime/call.s(8)
    atoi.o                    common/atoi.s(10)
    cf.o                      cf.s(11)
    io.o                      io.s(11)
    m6242.o                   m6242.s(11)
    hd44780.o                 hd44780.s(11)
    mos6551.o                 mos6551.s(11)
    mc6840.o                  mc6840.s(11)
ptr2 (zeropage.o):
    copydata.o                common/copydata.s(9)
    stricmp.o                 common/stricmp.s(16)
    lumod.o                   runtime/lumod.s(10)
    ludiv.o                   runtime/ludiv.s(10)
    ltoa.o                    common/ltoa.s(11)
    itoa.o                    common/itoa.s(11)
    atoi.o                    common/atoi.s(10)
ptr3 (zeropage.o):
    lmul.o                    runtime/lmul.s(10)
    ludiv.o                   runtime/ludiv.s(10)
    ltoa.o                    common/ltoa.s(11)
    lshelp.o                  runtime/lshelp.s(12)
    itoa.o                    common/itoa.s(11)
ptr4 (zeropage.o):
    lmul.o                    runtime/lmul.s(10)
    umod.o                    runtime/umod.s(9)
    udiv.o                    runtime/udiv.s(10)
    shelp.o                   runtime/shelp.s(12)
    mul8.o                    runtime/mul8.s(10)
    mul.o                     runtime/mul.s(10)
    ludiv.o                   runtime/ludiv.s(10)
    lshelp.o                  runtime/lshelp.s(12)
push0 (pushax.o):
    cf.o                      cf.s(334)
    parser.o                  parser.s(568)
    parser.o                  parser.s(568)
    parser.o                  parser.s(568)
    mc6840.o                  mc6840.s(312)
push0ax (lpush.o):
    mc6840.o                  mc6840.s(312)
pusha (pusha.o):
    main.o                    main.s(497)
    main.o                    main.s(497)
    main.o                    main.s(497)
    diskio.o                  diskio.s(190)
    diskio.o                  diskio.s(190)
    diskio.o                  diskio.s(190)
    diskio.o                  diskio.s(190)
    cf.o                      cf.s(334)
    cf.o                      cf.s(334)
    parser.o                  parser.s(568)
    parser.o                  parser.s(568)
    io.o                      io.s(233)
    io.o                      io.s(233)
    io.o                      io.s(233)
    io.o                      io.s(233)
    io.o                      io.s(233)
    m6242.o                   m6242.s(547)
    m6242.o                   m6242.s(547)
    hd44780.o                 hd44780.s(247)
    hd44780.o                 hd44780.s(247)
    hd44780.o                 hd44780.s(247)
    hd44780.o                 hd44780.s(247)
    mos6551.o                 mos6551.s(161)
pusha0 (pushax.o):
    parser.o                  parser.s(568)
    m6242.o                   m6242.s(547)
    m6242.o                   m6242.s(547)
pushax (pushax.o):
    strtok.o                  ../libwrk/supervision/strtok.s(125)
    pushw.o                   runtime/pushw.s(8)
    mktime.o                  ../libwrk/supervision/mktime.s(618)
    mktime.o                  ../libwrk/supervision/mktime.s(618)
    main.o                    main.s(497)
    main.o                    main.s(497)
    diskio.o                  diskio.s(190)
    cf.o                      cf.s(334)
    parser.o                  parser.s(568)
    parser.o                  parser.s(568)
    parser.o                  parser.s(568)
    parser.o                  parser.s(568)
    parser.o                  parser.s(568)
    parser.o                  parser.s(568)
    io.o                      io.s(233)
    io.o                      io.s(233)
    m6242.o                   m6242.s(547)
    m6242.o                   m6242.s(547)
    hd44780.o                 hd44780.s(247)
    mos6551.o                 mos6551.s(161)
    mc6840.o                  mc6840.s(312)
pusheax (lpush.o):
    mktime.o                  ../libwrk/supervision/mktime.s(618)
    main.o                    main.s(497)
    main.o                    main.s(497)
    diskio.o                  diskio.s(190)
    diskio.o                  diskio.s(190)
    cf.o                      cf.s(334)
    parser.o                  parser.s(568)
    mc6840.o                  mc6840.s(312)
pushw0sp (pushwsp.o):
    mktime.o                  ../libwrk/supervision/mktime.s(618)
pushwidx (pushw.o):
    parser.o                  parser.s(568)
pushwysp (pushwsp.o):
    strtok.o                  ../libwrk/supervision/strtok.s(125)
    main.o                    main.s(497)
    diskio.o                  diskio.s(190)
    diskio.o                  diskio.s(190)
    cf.o                      cf.s(334)
    parser.o                  parser.s(568)
    parser.o                  parser.s(568)
    parser.o                  parser.s(568)
    io.o                      io.s(233)
regbank (zeropage.o):
    strtok.o                  ../libwrk/supervision/strtok.s(10)
    regswap2.o                runtime/regswap2.s(8)
    mktime.o                  ../libwrk/supervision/mktime.s(10)
regswap2 (regswap2.o):
    strtok.o                  ../libwrk/supervision/strtok.s(125)
    mktime.o                  ../libwrk/supervision/mktime.s(618)
shrax2 (shrax2.o):
    mktime.o                  ../libwrk/supervision/mktime.s(618)
sp (zeropage.o):
    lmul.o                    runtime/lmul.s(10)
    lcmp.o                    runtime/lcmp.s(10)
    ladd.o                    runtime/ladd.s(9)
    decsp2.o                  runtime/decsp2.s(8)
    toslong.o                 runtime/toslong.s(9)
    subysp.o                  runtime/subysp.s(9)
    sub.o                     runtime/sub.s(9)
    strtok.o                  ../libwrk/supervision/strtok.s(10)
    steaxsp.o                 runtime/steaxsp.s(8)
    staxspi.o                 runtime/staxspi.s(10)
    staxsp.o                  runtime/staxsp.s(8)
    staspidx.o                runtime/staspidx.s(9)
    regswap2.o                runtime/regswap2.s(8)
    pushwsp.o                 runtime/pushwsp.s(8)
    pushax.o                  runtime/pushax.s(8)
    pusha.o                   runtime/pusha.s(8)
    popptr1.o                 runtime/popptr1.s(9)
    mktime.o                  ../libwrk/supervision/mktime.s(10)
    ludiv.o                   runtime/ludiv.s(10)
    lsub.o                    runtime/lsub.s(12)
    lpush.o                   runtime/lpush.s(13)
    lor.o                     runtime/lor.s(10)
    leaaxsp.o                 runtime/leaaxsp.s(8)
    ldeaxysp.o                runtime/ldeaxysp.s(12)
    ldaxsp.o                  runtime/ldaxsp.s(8)
    itoa.o                    common/itoa.s(11)
    incsp2.o                  runtime/incsp2.s(8)
    incsp1.o                  runtime/incsp1.s(8)
    icmp.o                    runtime/icmp.s(9)
    decsp6.o                  runtime/decsp6.s(8)
    decsp4.o                  runtime/decsp4.s(8)
    decsp3.o                  runtime/decsp3.s(8)
    decsp1.o                  runtime/decsp1.s(8)
    crt0.o                    /opt/cc65/asminc/zeropage.inc(11)
    addysp.o                  runtime/addysp.s(8)
    addeqsp.o                 runtime/addeqsp.s(8)
    main.o                    main.s(10)
    diskio.o                  diskio.s(10)
    cf.o                      cf.s(10)
    parser.o                  parser.s(10)
    io.o                      io.s(10)
    m6242.o                   m6242.s(10)
    hd44780.o                 hd44780.s(10)
    mos6551.o                 mos6551.s(10)
    mc6840.o                  mc6840.s(10)
sreg (zeropage.o):
    lmul.o                    runtime/lmul.s(10)
    lcmp.o                    runtime/lcmp.s(10)
    ladd.o                    runtime/ladd.s(9)
    divt.o                    common/divt.s(18)
    umod.o                    runtime/umod.s(9)
    udiv.o                    runtime/udiv.s(10)
    steaxspi.o                runtime/steaxspi.s(10)
    steaxsp.o                 runtime/steaxsp.s(8)
    mod.o                     runtime/mod.s(12)
    mktime.o                  ../libwrk/supervision/mktime.s(10)
    lumod.o                   runtime/lumod.s(10)
    ludiv.o                   runtime/ludiv.s(10)
    ltoa.o                    common/ltoa.s(11)
    lsub.o                    runtime/lsub.s(12)
    lshelp.o                  runtime/lshelp.s(12)
    lpush.o                   runtime/lpush.s(13)
    lor.o                     runtime/lor.s(10)
    lneg.o                    runtime/lneg.s(11)
    ldiv.o                    runtime/ldiv.s(12)
    ldeaxysp.o                runtime/ldeaxysp.s(12)
    ldeaxi.o                  runtime/ldeaxi.s(8)
    itoa.o                    common/itoa.s(11)
    icmp.o                    runtime/icmp.s(9)
    axlong.o                  runtime/axlong.s(9)
    atoi.o                    common/atoi.s(10)
    main.o                    main.s(10)
    cf.o                      cf.s(10)
    io.o                      io.s(10)
    m6242.o                   m6242.s(10)
    mc6840.o                  mc6840.s(10)
staspidx (staspidx.o):
    io.o                      io.s(233)
stax0sp (staxsp.o):
    strtok.o                  ../libwrk/supervision/strtok.s(125)
    mktime.o                  ../libwrk/supervision/mktime.s(618)
    diskio.o                  diskio.s(190)
    hd44780.o                 hd44780.s(247)
    mos6551.o                 mos6551.s(161)
staxspidx (staxspi.o):
    mktime.o                  ../libwrk/supervision/mktime.s(618)
staxysp (staxsp.o):
    mktime.o                  ../libwrk/supervision/mktime.s(618)
    main.o                    main.s(497)
    cf.o                      cf.s(334)
    cf.o                      cf.s(334)
    cf.o                      cf.s(334)
    parser.o                  parser.s(568)
    parser.o                  parser.s(568)
    parser.o                  parser.s(568)
steax0sp (steaxsp.o):
    mc6840.o                  mc6840.s(312)
steaxspidx (steaxspi.o):
    cf.o                      cf.s(334)
steaxysp (steaxsp.o):
    main.o                    main.s(497)
subysp (subysp.o):
    main.o                    main.s(497)
    parser.o                  parser.s(568)
tmp1 (zeropage.o):
    ladd.o                    runtime/ladd.s(9)
    divt.o                    common/divt.s(18)
    decaxy.o                  runtime/decaxy.s(8)
    copydata.o                common/copydata.s(9)
    aslax1.o                  runtime/aslax1.s(8)
    stricmp.o                 common/stricmp.s(16)
    strchr.o                  common/strchr.s(10)
    steaxspi.o                runtime/steaxspi.s(10)
    staxspi.o                 runtime/staxspi.s(10)
    staspidx.o                runtime/staspidx.s(9)
    shrax2.o                  runtime/shrax2.s(8)
    shelp.o                   runtime/shelp.s(12)
    mul.o                     runtime/mul.s(10)
    mod.o                     runtime/mod.s(12)
    mktime.o                  ../libwrk/supervision/mktime.s(11)
    ltoa.o                    common/ltoa.s(11)
    lshelp.o                  runtime/lshelp.s(12)
    lor.o                     runtime/lor.s(10)
    ldiv.o                    runtime/ldiv.s(12)
    itoa.o                    common/itoa.s(11)
    incaxy.o                  runtime/incaxy.s(8)
    div.o                     runtime/div.s(12)
    atoi.o                    common/atoi.s(10)
    parser.o                  parser.s(11)
tmp2 (zeropage.o):
    lmul.o                    runtime/lmul.s(10)
    stricmp.o                 common/stricmp.s(16)
    steaxspi.o                runtime/steaxspi.s(10)
    shelp.o                   runtime/shelp.s(12)
    lshelp.o                  runtime/lshelp.s(12)
    ldiv.o                    runtime/ldiv.s(12)
    div.o                     runtime/div.s(12)
tmp3 (zeropage.o):
    lmul.o                    runtime/lmul.s(10)
    steaxspi.o                runtime/steaxspi.s(10)
    lumod.o                   runtime/lumod.s(10)
    ludiv.o                   runtime/ludiv.s(10)
tmp4 (zeropage.o):
    lmul.o                    runtime/lmul.s(10)
    lumod.o                   runtime/lumod.s(10)
    ludiv.o                   runtime/ludiv.s(10)
tosaddeax (ladd.o):
    mktime.o                  ../libwrk/supervision/mktime.s(618)
tosdiva0 (div.o):
    m6242.o                   m6242.s(547)
    m6242.o                   m6242.s(547)
tosdivax (div.o):
    divt.o                    common/divt.s(17)
tosdiveax (ldiv.o):
    mc6840.o                  mc6840.s(312)
tosicmp (icmp.o):
    mktime.o                  ../libwrk/supervision/mktime.s(618)
    parser.o                  parser.s(568)
toslcmp (lcmp.o):
    lne.o                     runtime/lne.s(8)
tosmoda0 (mod.o):
    m6242.o                   m6242.s(547)
    m6242.o                   m6242.s(547)
tosmula0 (mul8.o):
    parser.o                  parser.s(568)
tosneeax (lne.o):
    main.o                    main.s(497)
tosor0ax (lor.o):
    mc6840.o                  mc6840.s(312)
tosoreax (lor.o):
    cf.o                      cf.s(334)
tossuba0 (sub.o):
    io.o                      io.s(233)
tossubeax (lsub.o):
    mktime.o                  ../libwrk/supervision/mktime.s(618)
    mc6840.o                  mc6840.s(312)
tosudiv0ax (ludiv.o):
    main.o                    main.s(497)
tosulong (toslong.o):
    mc6840.o                  mc6840.s(312)
tosumod0ax (lumod.o):
    main.o                    main.s(497)
tosumoda0 (umod.o):
    mktime.o                  ../libwrk/supervision/mktime.s(618)
    mktime.o                  ../libwrk/supervision/mktime.s(618)
tosumodax (umod.o):
    mktime.o                  ../libwrk/supervision/mktime.s(618)
tosumul0ax (lmul.o):
    mktime.o                  ../libwrk/supervision/mktime.s(618)
tosumula0 (mul8.o):
    mktime.o                  ../libwrk/supervision/mktime.s(618)
    main.o                    main.s(497)
tosumulax (mul.o):
    mktime.o                  ../libwrk/supervision/mktime.s(618)
tosumuleax (lmul.o):
    mktime.o                  ../libwrk/supervision/mktime.s(618)
udiv16 (udiv.o):
    umod.o                    runtime/umod.s(8)
    shelp.o                   runtime/shelp.s(11)
udiv32 (ludiv.o):
    lumod.o                   runtime/lumod.s(9)
    ldiv.o                    runtime/ldiv.s(11)
zerobss (zerobss.o):
    crt0.o                    crt0.s(13)

