Modules list:
-------------
interrupt.o:
    CODE              Offs=000000  Size=000085  Align=00001  Fill=0000
vectors.o:
    VECTORS           Offs=000000  Size=000006  Align=00001  Fill=0000
mc6840.o:
    CODE              Offs=000085  Size=000130  Align=00001  Fill=0000
    BSS               Offs=000000  Size=000078  Align=00001  Fill=0000
    DATA              Offs=000000  Size=000006  Align=00001  Fill=0000
mos6551.o:
    CODE              Offs=0001B5  Size=00009F  Align=00001  Fill=0000
    BSS               Offs=000078  Size=000201  Align=00001  Fill=0000
    DATA              Offs=000006  Size=000003  Align=00001  Fill=0000
hd44780.o:
    CODE              Offs=000254  Size=000140  Align=00001  Fill=0000
    RODATA            Offs=000000  Size=000015  Align=00001  Fill=0000
delay.o:
    CODE              Offs=000394  Size=000013  Align=00001  Fill=0000
m6242.o:
    CODE              Offs=0003A7  Size=0003AC  Align=00001  Fill=0000
    BSS               Offs=000279  Size=000020  Align=00001  Fill=0000
io.o:
    CODE              Offs=000753  Size=00012F  Align=00001  Fill=0000
    DATA              Offs=000009  Size=000001  Align=00001  Fill=0000
parser.o:
    CODE              Offs=000882  Size=00037B  Align=00001  Fill=0000
    RODATA            Offs=000015  Size=000085  Align=00001  Fill=0000
cf.o:
    CODE              Offs=000BFD  Size=00026C  Align=00001  Fill=0000
diskio.o:
    CODE              Offs=000E69  Size=0000CA  Align=00001  Fill=0000
    BSS               Offs=000299  Size=000006  Align=00001  Fill=0000
    DATA              Offs=00000A  Size=000001  Align=00001  Fill=0000
main.o:
    CODE              Offs=000F33  Size=000369  Align=00001  Fill=0000
    RODATA            Offs=00009A  Size=000043  Align=00001  Fill=0000
    BSS               Offs=00029F  Size=000014  Align=00001  Fill=0000
    DATA              Offs=00000B  Size=000007  Align=00001  Fill=0000
./lib/ethergeiger.lib(_hextab.o):
    RODATA            Offs=0000DD  Size=000010  Align=00001  Fill=0000
./lib/ethergeiger.lib(_longminstr.o):
    RODATA            Offs=0000ED  Size=00000C  Align=00001  Fill=0000
./lib/ethergeiger.lib(addeqsp.o):
    CODE              Offs=00129C  Size=000011  Align=00001  Fill=0000
./lib/ethergeiger.lib(addysp.o):
    CODE              Offs=0012AD  Size=00000E  Align=00001  Fill=0000
./lib/ethergeiger.lib(aslax1.o):
    CODE              Offs=0012BB  Size=000008  Align=00001  Fill=0000
./lib/ethergeiger.lib(atoi.o):
    CODE              Offs=0012C3  Size=000091  Align=00001  Fill=0000
./lib/ethergeiger.lib(axlong.o):
    CODE              Offs=001354  Size=00000D  Align=00001  Fill=0000
./lib/ethergeiger.lib(bneg.o):
    CODE              Offs=001361  Size=00000E  Align=00001  Fill=0000
./lib/ethergeiger.lib(call.o):
    CODE              Offs=00136F  Size=000007  Align=00001  Fill=0000
./lib/ethergeiger.lib(condes.o):
    CODE              Offs=001376  Size=00000C  Align=00001  Fill=0000
    DATA              Offs=000012  Size=000025  Align=00001  Fill=0000
    ONCE              Offs=000000  Size=00000C  Align=00001  Fill=0000
./lib/ethergeiger.lib(copydata.o):
    CODE              Offs=001382  Size=00002D  Align=00001  Fill=0000
./lib/ethergeiger.lib(crt0.o):
    STARTUP           Offs=000000  Size=00001C  Align=00001  Fill=0000
./lib/ethergeiger.lib(ctype.o):
    RODATA            Offs=0000F9  Size=00008B  Align=00001  Fill=0000
./lib/ethergeiger.lib(ctypemask.o):
    CODE              Offs=0013AF  Size=00001E  Align=00001  Fill=0000
./lib/ethergeiger.lib(decax1.o):
    CODE              Offs=0013CD  Size=000007  Align=00001  Fill=0000
./lib/ethergeiger.lib(decaxy.o):
    CODE              Offs=0013D4  Size=000009  Align=00001  Fill=0000
./lib/ethergeiger.lib(decsp1.o):
    CODE              Offs=0013DD  Size=000009  Align=00001  Fill=0000
./lib/ethergeiger.lib(decsp2.o):
    CODE              Offs=0013E6  Size=00000D  Align=00001  Fill=0000
./lib/ethergeiger.lib(decsp3.o):
    CODE              Offs=0013F3  Size=00000D  Align=00001  Fill=0000
./lib/ethergeiger.lib(decsp4.o):
    CODE              Offs=001400  Size=00000D  Align=00001  Fill=0000
./lib/ethergeiger.lib(decsp6.o):
    CODE              Offs=00140D  Size=00000D  Align=00001  Fill=0000
./lib/ethergeiger.lib(div.o):
    CODE              Offs=00141A  Size=000015  Align=00001  Fill=0000
./lib/ethergeiger.lib(divt.o):
    CODE              Offs=00142F  Size=000015  Align=00001  Fill=0000
./lib/ethergeiger.lib(icmp.o):
    CODE              Offs=001444  Size=00002E  Align=00001  Fill=0000
./lib/ethergeiger.lib(incaxy.o):
    CODE              Offs=001472  Size=00000B  Align=00001  Fill=0000
./lib/ethergeiger.lib(incsp1.o):
    CODE              Offs=00147D  Size=000007  Align=00001  Fill=0000
./lib/ethergeiger.lib(incsp2.o):
    CODE              Offs=001484  Size=000015  Align=00001  Fill=0000
./lib/ethergeiger.lib(incsp3.o):
    CODE              Offs=001499  Size=000005  Align=00001  Fill=0000
./lib/ethergeiger.lib(incsp4.o):
    CODE              Offs=00149E  Size=000005  Align=00001  Fill=0000
./lib/ethergeiger.lib(incsp5.o):
    CODE              Offs=0014A3  Size=000005  Align=00001  Fill=0000
./lib/ethergeiger.lib(incsp7.o):
    CODE              Offs=0014A8  Size=000005  Align=00001  Fill=0000
./lib/ethergeiger.lib(incsp8.o):
    CODE              Offs=0014AD  Size=000005  Align=00001  Fill=0000
./lib/ethergeiger.lib(itoa.o):
    CODE              Offs=0014B2  Size=000094  Align=00001  Fill=0000
    RODATA            Offs=000184  Size=000007  Align=00001  Fill=0000
./lib/ethergeiger.lib(jmpvec.o):
    DATA              Offs=000037  Size=000003  Align=00001  Fill=0000
./lib/ethergeiger.lib(ladd.o):
    CODE              Offs=001546  Size=000024  Align=00001  Fill=0000
./lib/ethergeiger.lib(lcmp.o):
    CODE              Offs=00156A  Size=00003B  Align=00001  Fill=0000
./lib/ethergeiger.lib(ldaxi.o):
    CODE              Offs=0015A5  Size=00000D  Align=00001  Fill=0000
./lib/ethergeiger.lib(ldaxsp.o):
    CODE              Offs=0015B2  Size=000009  Align=00001  Fill=0000
./lib/ethergeiger.lib(ldeaxi.o):
    CODE              Offs=0015BB  Size=000017  Align=00001  Fill=0000
./lib/ethergeiger.lib(ldeaxysp.o):
    CODE              Offs=0015D2  Size=000013  Align=00001  Fill=0000
./lib/ethergeiger.lib(ldiv.o):
    CODE              Offs=0015E5  Size=00001C  Align=00001  Fill=0000
./lib/ethergeiger.lib(leaaxsp.o):
    CODE              Offs=001601  Size=00000C  Align=00001  Fill=0000
./lib/ethergeiger.lib(lmul.o):
    CODE              Offs=00160D  Size=000059  Align=00001  Fill=0000
./lib/ethergeiger.lib(lne.o):
    CODE              Offs=001666  Size=000006  Align=00001  Fill=0000
./lib/ethergeiger.lib(lneg.o):
    CODE              Offs=00166C  Size=00001E  Align=00001  Fill=0000
./lib/ethergeiger.lib(lor.o):
    CODE              Offs=00168A  Size=000021  Align=00001  Fill=0000
./lib/ethergeiger.lib(lpush.o):
    CODE              Offs=0016AB  Size=00001E  Align=00001  Fill=0000
./lib/ethergeiger.lib(lshelp.o):
    CODE              Offs=0016C9  Size=000052  Align=00001  Fill=0000
./lib/ethergeiger.lib(lsub.o):
    CODE              Offs=00171B  Size=000024  Align=00001  Fill=0000
./lib/ethergeiger.lib(ltoa.o):
    CODE              Offs=00173F  Size=000093  Align=00001  Fill=0000
./lib/ethergeiger.lib(ludiv.o):
    CODE              Offs=0017D2  Size=000077  Align=00001  Fill=0000
./lib/ethergeiger.lib(lumod.o):
    CODE              Offs=001849  Size=000017  Align=00001  Fill=0000
./lib/ethergeiger.lib(makebool.o):
    CODE              Offs=001860  Size=00002C  Align=00001  Fill=0000
./lib/ethergeiger.lib(mktime.o):
    CODE              Offs=00188C  Size=0003D7  Align=00001  Fill=0000
    RODATA            Offs=00018B  Size=00002E  Align=00001  Fill=0000
./lib/ethergeiger.lib(mod.o):
    CODE              Offs=001C63  Size=000011  Align=00001  Fill=0000
./lib/ethergeiger.lib(mul.o):
    CODE              Offs=001C74  Size=000045  Align=00001  Fill=0000
./lib/ethergeiger.lib(mul8.o):
    CODE              Offs=001CB9  Size=00003A  Align=00001  Fill=0000
./lib/ethergeiger.lib(mulax10.o):
    CODE              Offs=001CF3  Size=000019  Align=00001  Fill=0000
./lib/ethergeiger.lib(negabs.o):
    CODE              Offs=001D0C  Size=000012  Align=00001  Fill=0000
./lib/ethergeiger.lib(popptr1.o):
    CODE              Offs=001D1E  Size=00000E  Align=00001  Fill=0000
./lib/ethergeiger.lib(pusha.o):
    CODE              Offs=001D2C  Size=000016  Align=00001  Fill=0000
./lib/ethergeiger.lib(pushax.o):
    CODE              Offs=001D42  Size=00001A  Align=00001  Fill=0000
./lib/ethergeiger.lib(pushw.o):
    CODE              Offs=001D5C  Size=00000F  Align=00001  Fill=0000
./lib/ethergeiger.lib(pushwsp.o):
    CODE              Offs=001D6B  Size=00001C  Align=00001  Fill=0000
./lib/ethergeiger.lib(regswap2.o):
    CODE              Offs=001D87  Size=000016  Align=00001  Fill=0000
./lib/ethergeiger.lib(shelp.o):
    CODE              Offs=001D9D  Size=000020  Align=00001  Fill=0000
./lib/ethergeiger.lib(shrax2.o):
    CODE              Offs=001DBD  Size=00000B  Align=00001  Fill=0000
./lib/ethergeiger.lib(staspidx.o):
    CODE              Offs=001DC8  Size=000016  Align=00001  Fill=0000
./lib/ethergeiger.lib(staxsp.o):
    CODE              Offs=001DDE  Size=00000B  Align=00001  Fill=0000
./lib/ethergeiger.lib(staxspi.o):
    CODE              Offs=001DE9  Size=00001A  Align=00001  Fill=0000
./lib/ethergeiger.lib(steaxsp.o):
    CODE              Offs=001E03  Size=000015  Align=00001  Fill=0000
./lib/ethergeiger.lib(steaxspi.o):
    CODE              Offs=001E18  Size=000022  Align=00001  Fill=0000
./lib/ethergeiger.lib(strchr.o):
    CODE              Offs=001E3A  Size=000025  Align=00001  Fill=0000
./lib/ethergeiger.lib(stricmp.o):
    CODE              Offs=001E5F  Size=000043  Align=00001  Fill=0000
./lib/ethergeiger.lib(strtok.o):
    CODE              Offs=001EA2  Size=0000C2  Align=00001  Fill=0000
    DATA              Offs=00003A  Size=000002  Align=00001  Fill=0000
./lib/ethergeiger.lib(sub.o):
    CODE              Offs=001F64  Size=000014  Align=00001  Fill=0000
./lib/ethergeiger.lib(subysp.o):
    CODE              Offs=001F78  Size=00000D  Align=00001  Fill=0000
./lib/ethergeiger.lib(timezone.o):
    DATA              Offs=00003C  Size=00000F  Align=00001  Fill=0000
./lib/ethergeiger.lib(toslong.o):
    CODE              Offs=001F85  Size=000032  Align=00001  Fill=0000
./lib/ethergeiger.lib(udiv.o):
    CODE              Offs=001FB7  Size=00004F  Align=00001  Fill=0000
./lib/ethergeiger.lib(umod.o):
    CODE              Offs=002006  Size=000011  Align=00001  Fill=0000
./lib/ethergeiger.lib(zerobss.o):
    CODE              Offs=002017  Size=000023  Align=00001  Fill=0000
./lib/ethergeiger.lib(zeropage.o):
    ZEROPAGE          Offs=000000  Size=00001A  Align=00001  Fill=0000


Segment list:
-------------
Name                   Start     End    Size  Align
----------------------------------------------------
ZEROPAGE              000000  000019  00001A  00001
DATA                  000200  00024A  00004B  00001
BSS                   00024B  0004FD  0002B3  00001
STARTUP               00804B  008066  00001C  00001
ONCE                  008067  008072  00000C  00001
CODE                  008073  00A0AC  00203A  00001
RODATA                00A0AD  00A265  0001B9  00001
VECTORS               00FFFA  00FFFF  000006  00001


Exports list by name:
---------------------
__BSS_RUN__               00024B RLA    __BSS_SIZE__              0002B3 REA    
__CONSTRUCTOR_COUNT__     000000 REA    __CONSTRUCTOR_TABLE__     008067 RLA    
__DATA_LOAD__             008000 RLA    __DATA_RUN__              000200 RLA    
__DATA_SIZE__             00004B REA    __DESTRUCTOR_COUNT__      000000 REA    
__DESTRUCTOR_TABLE__      008067 RLA    __RAM_SIZE__              001E00 REA    
__RAM_START__             000200 RLA    __STARTUP__               000001 REA    
__ctype                   00A1A6 RLA    __ctypeidx                00A1B1 RLA    
__hextab                  00A18A RLA    __longminstr              00A19A RLA    
__tz                      00023C RLA    _atoi                     009336 RLA    
_cfGetSizeInfo            008DB9 RLA    _cfInit                   008C70 RLA    
_cfReadBlocks             008C9F RLA    _cfWriteBlocks            008D2C RLA    
_delay_16us               008407 RLA    _delay_ms                 008410 RLA    
_div                      0094A2 RLA    _geiger_ind               000205 RLA    
_geiger_pulses            00024B RLA    _get_geiger_pulses        00817D RLA    
_hd44780_clrscr           0083E3 RLA    _hd44780_gotoxy           008398 RLA    
_hd44780_init             0082C7 RLA    _hd44780_putc             008326 RLA    
_hd44780_puts             008368 RLA    _init                     00804B RLA    
_irq_int                  008074 RLA    _key_init                 0087C6 RLA    
_key_update               00880D RLA    _m6242_init               00841A RLA    
_m6242_read_date_str      0084A5 RLA    _m6242_read_time_str      00842F RLA    
_m6242_setdate            008760 RLA    _m6242_settime            0086FA RLA    
_main                     009225 RLA    _mc6840_init              0080F8 RLA    
_millis                   00814E RLA    _milliseconds             000200 RLA    
_mktime                   0098FF RLA    _mos6551_handle_rx        008281 RLA    
_mos6551_init             008228 RLA    _mos6551_puts             00824E RLA    
_mos6551_rxrb             0002C4 RLA    _mos6551_rxrb_head        000206 RLA    
_nmi_int                  008073 RLA    _parse_cmd                0088F5 RLA    
_port_clr                 0088D1 RLA    _port_set                 0088C0 RLA    
_port_tgl                 0088E4 RLA    _port_write               0088B2 RLA    
_strcasecmp               009ED2 RLA    _strchr                   009EAD RLA    
_strtok                   009F15 RLA    _ultoa                    009809 RLA    
_uptime                   00815F RLA    _uptime_value             000201 RLA    
_utoa                     009585 RLA    addeq0sp                  00930F RLA    
addysp                    009321 RLA    addysp1                   009320 RLA    
aslax1                    00932E RLA    axulong                   0093CD RLA    
bnega                     0093D8 RLA    boolne                    0098D3 RLA    
callax                    0093E2 RLA    copydata                  0093F5 RLA    
ctypemaskdirect           009426 RLA    decax1                    009440 RLA    
decaxy                    009447 RLA    decsp1                    009450 RLA    
decsp2                    009459 RLA    decsp3                    009466 RLA    
decsp4                    009473 RLA    decsp6                    009480 RLA    
donelib                   0093E9 RLA    getlop                    009854 RLA    
incax4                    0094E5 RLA    incaxy                    0094E7 RLA    
incsp1                    0094F0 RLA    incsp2                    0094FE RLA    
incsp3                    00950C RLA    incsp4                    009511 RLA    
incsp5                    009516 RLA    incsp7                    00951B RLA    
incsp8                    009520 RLA    initlib                   008067 RLA    
jmpvec                    000237 RLA    ldax0sp                   009625 RLA    
ldaxi                     009618 RLA    ldaxidx                   00961A RLA    
ldaxysp                   009627 RLA    ldeax0sp                  009645 RLA    
ldeaxi                    00962E RLA    ldeaxysp                  009647 RLA    
leaa0sp                   009674 RLA    mul8x16                   009D2E RLA    
mul8x16a                  009D38 RLA    mulax10                   009D66 RLA    
negax                     009D83 RLA    negeax                    0096DF RLA    
popax                     0094F7 RLA    poplsargs                 00973C RLA    
popptr1                   009D91 RLA    popsargsudiv16            009E10 RLA    
ptr1                      000008 RLZ    ptr2                      00000A RLZ    
ptr3                      00000C RLZ    ptr4                      00000E RLZ    
push0                     009DB5 RLA    push0ax                   009721 RLA    
pusha                     009DA3 RLA    pusha0                    009DB7 RLA    
pushax                    009DB9 RLA    pusheax                   009725 RLA    
pushw0sp                  009DDE RLA    pushwidx                  009DD1 RLA    
pushwysp                  009DE0 RLA    regbank                   000014 RLZ    
regsave                   000004 RLZ    regswap2                  009DFA RLA    
shrax2                    009E30 RLA    sp                        000000 RLZ    
sreg                      000002 RLZ    staspidx                  009E3B RLA    
stax0sp                   009E51 RLA    staxspidx                 009E5C RLA    
staxysp                   009E53 RLA    steax0sp                  009E76 RLA    
steaxspidx                009E8B RLA    steaxysp                  009E78 RLA    
subysp                    009FEB RLA    tmp1                      000010 RLZ    
tmp2                      000011 RLZ    tmp3                      000012 RLZ    
tmp4                      000013 RLZ    tosaddeax                 0095BF RLA    
tosdiva0                  00948D RLA    tosdivax                  00948F RLA    
tosdiveax                 00965E RLA    tosicmp                   0094B9 RLA    
toslcmp                   0095DD RLA    tosmoda0                  009CD6 RLA    
tosmula0                  009D2C RLA    tosneeax                  0096D9 RLA    
tosor0ax                  0096FD RLA    tosoreax                  009701 RLA    
tossuba0                  009FD7 RLA    tossubeax                 009792 RLA    
tosudiv0ax                009845 RLA    tosulong                  009FF8 RLA    
tosumod0ax                0098BC RLA    tosumoda0                 00A079 RLA    
tosumodax                 00A07B RLA    tosumul0ax                009680 RLA    
tosumula0                 009D2C RLA    tosumulax                 009CE7 RLA    
tosumuleax                009684 RLA    udiv16                    00A03B RLA    
udiv32                    009877 RLA    zerobss                   00A08A RLA    



Exports list by value:
----------------------
__CONSTRUCTOR_COUNT__     000000 REA    __DESTRUCTOR_COUNT__      000000 REA    
sp                        000000 RLZ    __STARTUP__               000001 REA    
sreg                      000002 RLZ    regsave                   000004 RLZ    
ptr1                      000008 RLZ    ptr2                      00000A RLZ    
ptr3                      00000C RLZ    ptr4                      00000E RLZ    
tmp1                      000010 RLZ    tmp2                      000011 RLZ    
tmp3                      000012 RLZ    tmp4                      000013 RLZ    
regbank                   000014 RLZ    __DATA_SIZE__             00004B REA    
__DATA_RUN__              000200 RLA    __RAM_START__             000200 RLA    
_milliseconds             000200 RLA    _uptime_value             000201 RLA    
_geiger_ind               000205 RLA    _mos6551_rxrb_head        000206 RLA    
jmpvec                    000237 RLA    __tz                      00023C RLA    
__BSS_RUN__               00024B RLA    _geiger_pulses            00024B RLA    
__BSS_SIZE__              0002B3 REA    _mos6551_rxrb             0002C4 RLA    
__RAM_SIZE__              001E00 REA    __DATA_LOAD__             008000 RLA    
_init                     00804B RLA    __CONSTRUCTOR_TABLE__     008067 RLA    
__DESTRUCTOR_TABLE__      008067 RLA    initlib                   008067 RLA    
_nmi_int                  008073 RLA    _irq_int                  008074 RLA    
_mc6840_init              0080F8 RLA    _millis                   00814E RLA    
_uptime                   00815F RLA    _get_geiger_pulses        00817D RLA    
_mos6551_init             008228 RLA    _mos6551_puts             00824E RLA    
_mos6551_handle_rx        008281 RLA    _hd44780_init             0082C7 RLA    
_hd44780_putc             008326 RLA    _hd44780_puts             008368 RLA    
_hd44780_gotoxy           008398 RLA    _hd44780_clrscr           0083E3 RLA    
_delay_16us               008407 RLA    _delay_ms                 008410 RLA    
_m6242_init               00841A RLA    _m6242_read_time_str      00842F RLA    
_m6242_read_date_str      0084A5 RLA    _m6242_settime            0086FA RLA    
_m6242_setdate            008760 RLA    _key_init                 0087C6 RLA    
_key_update               00880D RLA    _port_write               0088B2 RLA    
_port_set                 0088C0 RLA    _port_clr                 0088D1 RLA    
_port_tgl                 0088E4 RLA    _parse_cmd                0088F5 RLA    
_cfInit                   008C70 RLA    _cfReadBlocks             008C9F RLA    
_cfWriteBlocks            008D2C RLA    _cfGetSizeInfo            008DB9 RLA    
_main                     009225 RLA    addeq0sp                  00930F RLA    
addysp1                   009320 RLA    addysp                    009321 RLA    
aslax1                    00932E RLA    _atoi                     009336 RLA    
axulong                   0093CD RLA    bnega                     0093D8 RLA    
callax                    0093E2 RLA    donelib                   0093E9 RLA    
copydata                  0093F5 RLA    ctypemaskdirect           009426 RLA    
decax1                    009440 RLA    decaxy                    009447 RLA    
decsp1                    009450 RLA    decsp2                    009459 RLA    
decsp3                    009466 RLA    decsp4                    009473 RLA    
decsp6                    009480 RLA    tosdiva0                  00948D RLA    
tosdivax                  00948F RLA    _div                      0094A2 RLA    
tosicmp                   0094B9 RLA    incax4                    0094E5 RLA    
incaxy                    0094E7 RLA    incsp1                    0094F0 RLA    
popax                     0094F7 RLA    incsp2                    0094FE RLA    
incsp3                    00950C RLA    incsp4                    009511 RLA    
incsp5                    009516 RLA    incsp7                    00951B RLA    
incsp8                    009520 RLA    _utoa                     009585 RLA    
tosaddeax                 0095BF RLA    toslcmp                   0095DD RLA    
ldaxi                     009618 RLA    ldaxidx                   00961A RLA    
ldax0sp                   009625 RLA    ldaxysp                   009627 RLA    
ldeaxi                    00962E RLA    ldeax0sp                  009645 RLA    
ldeaxysp                  009647 RLA    tosdiveax                 00965E RLA    
leaa0sp                   009674 RLA    tosumul0ax                009680 RLA    
tosumuleax                009684 RLA    tosneeax                  0096D9 RLA    
negeax                    0096DF RLA    tosor0ax                  0096FD RLA    
tosoreax                  009701 RLA    push0ax                   009721 RLA    
pusheax                   009725 RLA    poplsargs                 00973C RLA    
tossubeax                 009792 RLA    _ultoa                    009809 RLA    
tosudiv0ax                009845 RLA    getlop                    009854 RLA    
udiv32                    009877 RLA    tosumod0ax                0098BC RLA    
boolne                    0098D3 RLA    _mktime                   0098FF RLA    
tosmoda0                  009CD6 RLA    tosumulax                 009CE7 RLA    
tosmula0                  009D2C RLA    tosumula0                 009D2C RLA    
mul8x16                   009D2E RLA    mul8x16a                  009D38 RLA    
mulax10                   009D66 RLA    negax                     009D83 RLA    
popptr1                   009D91 RLA    pusha                     009DA3 RLA    
push0                     009DB5 RLA    pusha0                    009DB7 RLA    
pushax                    009DB9 RLA    pushwidx                  009DD1 RLA    
pushw0sp                  009DDE RLA    pushwysp                  009DE0 RLA    
regswap2                  009DFA RLA    popsargsudiv16            009E10 RLA    
shrax2                    009E30 RLA    staspidx                  009E3B RLA    
stax0sp                   009E51 RLA    staxysp                   009E53 RLA    
staxspidx                 009E5C RLA    steax0sp                  009E76 RLA    
steaxysp                  009E78 RLA    steaxspidx                009E8B RLA    
_strchr                   009EAD RLA    _strcasecmp               009ED2 RLA    
_strtok                   009F15 RLA    tossuba0                  009FD7 RLA    
subysp                    009FEB RLA    tosulong                  009FF8 RLA    
udiv16                    00A03B RLA    tosumoda0                 00A079 RLA    
tosumodax                 00A07B RLA    zerobss                   00A08A RLA    
__hextab                  00A18A RLA    __longminstr              00A19A RLA    
__ctype                   00A1A6 RLA    __ctypeidx                00A1B1 RLA    



Imports list:
-------------
__BSS_RUN__ ([linker generated]):
    zerobss.o                 common/zerobss.s(8)
__BSS_SIZE__ ([linker generated]):
    zerobss.o                 common/zerobss.s(8)
__CONSTRUCTOR_COUNT__ ([linker generated]):
    condes.o                  runtime/condes.s(18)
__CONSTRUCTOR_TABLE__ ([linker generated]):
    condes.o                  runtime/condes.s(18)
__DATA_LOAD__ ([linker generated]):
    copydata.o                common/copydata.s(8)
__DATA_RUN__ ([linker generated]):
    copydata.o                common/copydata.s(8)
__DATA_SIZE__ ([linker generated]):
    copydata.o                common/copydata.s(8)
__DESTRUCTOR_COUNT__ ([linker generated]):
    condes.o                  runtime/condes.s(19)
__DESTRUCTOR_TABLE__ ([linker generated]):
    condes.o                  runtime/condes.s(19)
__RAM_SIZE__ ([linker generated]):
    crt0.o                    crt0.s(11)
__RAM_START__ ([linker generated]):
    crt0.o                    crt0.s(11)
__STARTUP__ (crt0.o):
    main.o                    main.s(13)
__ctype (ctype.o):
    ctypemask.o               common/ctypemask.s(23)
__ctypeidx (ctype.o):
    ctypemask.o               common/ctypemask.s(24)
__hextab (_hextab.o):
    ltoa.o                    common/ltoa.s(10)
    itoa.o                    common/itoa.s(10)
__longminstr (_longminstr.o):
    ltoa.o                    common/ltoa.s(10)
__tz (timezone.o):
    mktime.o                  ../libwrk/supervision/mktime.s(14)
_atoi (atoi.o):
    parser.o                  parser.s(13)
_cfGetSizeInfo (cf.o):
    main.o                    main.s(37)
    diskio.o                  diskio.s(21)
_cfInit (cf.o):
    main.o                    main.s(36)
    diskio.o                  diskio.s(18)
_cfReadBlocks (cf.o):
    diskio.o                  diskio.s(19)
_cfWriteBlocks (cf.o):
    diskio.o                  diskio.s(20)
_delay_16us (delay.o):
    hd44780.o                 hd44780.s(19)
_delay_ms (delay.o):
    hd44780.o                 hd44780.s(20)
_div (divt.o):
    mktime.o                  ../libwrk/supervision/mktime.s(13)
_geiger_ind (mc6840.o):
    interrupt.o               interrupt.s(10)
_geiger_pulses (mc6840.o):
    interrupt.o               interrupt.s(10)
_get_geiger_pulses (mc6840.o):
    main.o                    main.s(26)
_hd44780_clrscr (hd44780.o):
    main.o                    main.s(20)
_hd44780_gotoxy (hd44780.o):
    main.o                    main.s(19)
_hd44780_init (hd44780.o):
    main.o                    main.s(16)
_hd44780_putc (hd44780.o):
    main.o                    main.s(17)
_hd44780_puts (hd44780.o):
    main.o                    main.s(18)
_init (crt0.o):
    vectors.o                 vectors.s(7)
    interrupt.o               interrupt.s(9)
_irq_int (interrupt.o):
    vectors.o                 vectors.s(8)
_key_init (io.o):
    main.o                    main.s(30)
_key_update (io.o):
    main.o                    main.s(31)
_m6242_init (m6242.o):
    main.o                    main.s(27)
_m6242_read_date_str (m6242.o):
    main.o                    main.s(29)
    parser.o                  parser.s(22)
_m6242_read_time_str (m6242.o):
    main.o                    main.s(28)
    parser.o                  parser.s(21)
_m6242_setdate (m6242.o):
    parser.o                  parser.s(24)
_m6242_settime (m6242.o):
    parser.o                  parser.s(23)
_main (main.o):
    crt0.o                    crt0.s(8)
_mc6840_init (mc6840.o):
    main.o                    main.s(23)
_millis (mc6840.o):
    main.o                    main.s(24)
    io.o                      io.s(19)
_milliseconds (mc6840.o):
    interrupt.o               interrupt.s(9)
_mktime (mktime.o):
    m6242.o                   m6242.s(13)
_mos6551_handle_rx (mos6551.o):
    main.o                    main.s(22)
_mos6551_init (mos6551.o):
    main.o                    main.s(21)
_mos6551_puts (mos6551.o):
    parser.o                  parser.s(20)
_mos6551_rxrb (mos6551.o):
    interrupt.o               interrupt.s(9)
_mos6551_rxrb_head (mos6551.o):
    interrupt.o               interrupt.s(9)
_nmi_int (interrupt.o):
    vectors.o                 vectors.s(8)
_parse_cmd (parser.o):
    mos6551.o                 mos6551.s(17)
_port_clr (io.o):
    main.o                    main.s(34)
    mos6551.o                 mos6551.s(19)
_port_set (io.o):
    main.o                    main.s(33)
    mos6551.o                 mos6551.s(18)
_port_tgl (io.o):
    main.o                    main.s(35)
_port_write (io.o):
    main.o                    main.s(32)
_strcasecmp (stricmp.o):
    parser.o                  parser.s(17)
_strchr (strchr.o):
    strtok.o                  ../libwrk/supervision/strtok.s(13)
    parser.o                  parser.s(15)
_strtok (strtok.o):
    parser.o                  parser.s(16)
_ultoa (ltoa.o):
    main.o                    main.s(15)
    parser.o                  parser.s(14)
_uptime (mc6840.o):
    main.o                    main.s(25)
    parser.o                  parser.s(19)
_uptime_value (mc6840.o):
    interrupt.o               interrupt.s(9)
_utoa (itoa.o):
    main.o                    main.s(14)
addeq0sp (addeqsp.o):
    mc6840.o                  mc6840.s(256)
addysp (addysp.o):
    mktime.o                  ../libwrk/supervision/mktime.s(618)
    incsp8.o                  runtime/incsp8.s(8)
    incsp7.o                  runtime/incsp7.s(8)
    incsp5.o                  runtime/incsp5.s(8)
    incsp4.o                  runtime/incsp4.s(8)
    incsp3.o                  runtime/incsp3.s(8)
    main.o                    main.s(534)
    parser.o                  parser.s(568)
addysp1 (addysp.o):
    lmul.o                    runtime/lmul.s(9)
    ladd.o                    runtime/ladd.s(8)
    sub.o                     runtime/sub.s(8)
    ludiv.o                   runtime/ludiv.s(9)
    lsub.o                    runtime/lsub.s(11)
    lor.o                     runtime/lor.s(9)
    itoa.o                    common/itoa.s(9)
aslax1 (aslax1.o):
    mktime.o                  ../libwrk/supervision/mktime.s(618)
axulong (axlong.o):
    mktime.o                  ../libwrk/supervision/mktime.s(618)
    main.o                    main.s(534)
    cf.o                      cf.s(344)
    mc6840.o                  mc6840.s(256)
bnega (bneg.o):
    cf.o                      cf.s(344)
    cf.o                      cf.s(344)
    io.o                      io.s(233)
boolne (makebool.o):
    lne.o                     runtime/lne.s(8)
callax (call.o):
    io.o                      io.s(233)
copydata (copydata.o):
    crt0.o                    crt0.s(13)
ctypemaskdirect (ctypemask.o):
    stricmp.o                 common/stricmp.s(17)
    atoi.o                    common/atoi.s(11)
decax1 (decax1.o):
    mktime.o                  ../libwrk/supervision/mktime.s(618)
    m6242.o                   m6242.s(547)
decaxy (decaxy.o):
    mktime.o                  ../libwrk/supervision/mktime.s(618)
decsp1 (decsp1.o):
    cf.o                      cf.s(344)
    cf.o                      cf.s(344)
    cf.o                      cf.s(344)
    hd44780.o                 hd44780.s(247)
    hd44780.o                 hd44780.s(247)
    mc6840.o                  mc6840.s(256)
    mc6840.o                  mc6840.s(256)
    mc6840.o                  mc6840.s(256)
decsp2 (decsp2.o):
    toslong.o                 runtime/toslong.s(8)
decsp3 (decsp3.o):
    strtok.o                  ../libwrk/supervision/strtok.s(125)
    parser.o                  parser.s(568)
decsp4 (decsp4.o):
    mktime.o                  ../libwrk/supervision/mktime.s(618)
    lpush.o                   runtime/lpush.s(12)
    mc6840.o                  mc6840.s(256)
decsp6 (decsp6.o):
    parser.o                  parser.s(568)
    parser.o                  parser.s(568)
donelib (condes.o):
    crt0.o                    crt0.s(13)
getlop (ludiv.o):
    lumod.o                   runtime/lumod.s(9)
    lshelp.o                  runtime/lshelp.s(11)
incax4 (incaxy.o):
    mktime.o                  ../libwrk/supervision/mktime.s(618)
incaxy (incaxy.o):
    m6242.o                   m6242.s(547)
    m6242.o                   m6242.s(547)
    m6242.o                   m6242.s(547)
incsp1 (incsp1.o):
    diskio.o                  diskio.s(190)
    diskio.o                  diskio.s(190)
    io.o                      io.s(233)
    io.o                      io.s(233)
    io.o                      io.s(233)
    io.o                      io.s(233)
    hd44780.o                 hd44780.s(247)
    hd44780.o                 hd44780.s(247)
    mos6551.o                 mos6551.s(161)
    mc6840.o                  mc6840.s(256)
    mc6840.o                  mc6840.s(256)
incsp2 (incsp2.o):
    staxspi.o                 runtime/staxspi.s(9)
    staspidx.o                runtime/staspidx.s(8)
    popptr1.o                 runtime/popptr1.s(8)
    mktime.o                  ../libwrk/supervision/mktime.s(618)
    parser.o                  parser.s(568)
    parser.o                  parser.s(568)
    parser.o                  parser.s(568)
    m6242.o                   m6242.s(547)
    m6242.o                   m6242.s(547)
    hd44780.o                 hd44780.s(247)
    mos6551.o                 mos6551.s(161)
    mc6840.o                  mc6840.s(256)
incsp3 (incsp3.o):
    io.o                      io.s(233)
    m6242.o                   m6242.s(547)
    m6242.o                   m6242.s(547)
    hd44780.o                 hd44780.s(247)
    mc6840.o                  mc6840.s(256)
incsp4 (incsp4.o):
    lcmp.o                    runtime/lcmp.s(9)
    diskio.o                  diskio.s(190)
    hd44780.o                 hd44780.s(247)
    mc6840.o                  mc6840.s(256)
incsp5 (incsp5.o):
    parser.o                  parser.s(568)
    io.o                      io.s(233)
incsp7 (incsp7.o):
    strtok.o                  ../libwrk/supervision/strtok.s(125)
    cf.o                      cf.s(344)
incsp8 (incsp8.o):
    diskio.o                  diskio.s(190)
    diskio.o                  diskio.s(190)
    cf.o                      cf.s(344)
    cf.o                      cf.s(344)
    parser.o                  parser.s(568)
    parser.o                  parser.s(568)
initlib (condes.o):
    crt0.o                    crt0.s(13)
jmpvec (jmpvec.o):
    parser.o                  parser.s(568)
ldax0sp (ldaxsp.o):
    strtok.o                  ../libwrk/supervision/strtok.s(125)
    mktime.o                  ../libwrk/supervision/mktime.s(618)
    io.o                      io.s(233)
    io.o                      io.s(233)
    m6242.o                   m6242.s(547)
    m6242.o                   m6242.s(547)
    hd44780.o                 hd44780.s(247)
    mos6551.o                 mos6551.s(161)
    mc6840.o                  mc6840.s(256)
ldaxi (ldaxi.o):
    mktime.o                  ../libwrk/supervision/mktime.s(618)
    mc6840.o                  mc6840.s(256)
ldaxidx (ldaxi.o):
    io.o                      io.s(233)
ldaxysp (ldaxsp.o):
    mktime.o                  ../libwrk/supervision/mktime.s(618)
    cf.o                      cf.s(344)
    cf.o                      cf.s(344)
    cf.o                      cf.s(344)
    parser.o                  parser.s(568)
    parser.o                  parser.s(568)
    parser.o                  parser.s(568)
    io.o                      io.s(233)
    io.o                      io.s(233)
    hd44780.o                 hd44780.s(247)
    mc6840.o                  mc6840.s(256)
ldeax0sp (ldeaxysp.o):
    mc6840.o                  mc6840.s(256)
ldeaxi (ldeaxi.o):
    cf.o                      cf.s(344)
ldeaxysp (ldeaxysp.o):
    main.o                    main.s(534)
    diskio.o                  diskio.s(190)
    diskio.o                  diskio.s(190)
    cf.o                      cf.s(344)
    cf.o                      cf.s(344)
leaa0sp (leaaxsp.o):
    main.o                    main.s(534)
    parser.o                  parser.s(568)
mul8x16 (mul8.o):
    mul.o                     runtime/mul.s(8)
mul8x16a (mul8.o):
    mul.o                     runtime/mul.s(8)
mulax10 (mulax10.o):
    m6242.o                   m6242.s(547)
negax (negabs.o):
    divt.o                    common/divt.s(17)
    shelp.o                   runtime/shelp.s(11)
    mod.o                     runtime/mod.s(11)
    div.o                     runtime/div.s(11)
negeax (lneg.o):
    ltoa.o                    common/ltoa.s(9)
    ldiv.o                    runtime/ldiv.s(11)
    atoi.o                    common/atoi.s(9)
popax (incsp2.o):
    strchr.o                  common/strchr.s(9)
    shelp.o                   runtime/shelp.s(11)
    ltoa.o                    common/ltoa.s(9)
poplsargs (lshelp.o):
    ldiv.o                    runtime/ldiv.s(11)
popptr1 (popptr1.o):
    umod.o                    runtime/umod.s(8)
    udiv.o                    runtime/udiv.s(9)
    stricmp.o                 common/stricmp.s(15)
    steaxspi.o                runtime/steaxspi.s(9)
    mul8.o                    runtime/mul8.s(9)
    mul.o                     runtime/mul.s(9)
    ltoa.o                    common/ltoa.s(9)
popsargsudiv16 (shelp.o):
    mod.o                     runtime/mod.s(11)
    div.o                     runtime/div.s(11)
ptr1 (zeropage.o):
    lmul.o                    runtime/lmul.s(10)
    lcmp.o                    runtime/lcmp.s(10)
    copydata.o                common/copydata.s(9)
    zerobss.o                 common/zerobss.s(9)
    udiv.o                    runtime/udiv.s(10)
    stricmp.o                 common/stricmp.s(16)
    strchr.o                  common/strchr.s(10)
    steaxspi.o                runtime/steaxspi.s(10)
    staxspi.o                 runtime/staxspi.s(10)
    staspidx.o                runtime/staspidx.s(9)
    shelp.o                   runtime/shelp.s(12)
    pushw.o                   runtime/pushw.s(9)
    popptr1.o                 runtime/popptr1.s(9)
    mulax10.o                 runtime/mulax10.s(9)
    mul8.o                    runtime/mul8.s(10)
    mul.o                     runtime/mul.s(10)
    mktime.o                  ../libwrk/supervision/mktime.s(11)
    ludiv.o                   runtime/ludiv.s(10)
    ltoa.o                    common/ltoa.s(11)
    lshelp.o                  runtime/lshelp.s(12)
    ldiv.o                    runtime/ldiv.s(12)
    ldeaxi.o                  runtime/ldeaxi.s(8)
    ldaxi.o                   runtime/ldaxi.s(8)
    div.o                     runtime/div.s(12)
    call.o                    runtime/call.s(8)
    atoi.o                    common/atoi.s(10)
    cf.o                      cf.s(11)
    io.o                      io.s(11)
    m6242.o                   m6242.s(11)
    hd44780.o                 hd44780.s(11)
    mos6551.o                 mos6551.s(11)
    mc6840.o                  mc6840.s(11)
ptr2 (zeropage.o):
    copydata.o                common/copydata.s(9)
    stricmp.o                 common/stricmp.s(16)
    lumod.o                   runtime/lumod.s(10)
    ludiv.o                   runtime/ludiv.s(10)
    ltoa.o                    common/ltoa.s(11)
    itoa.o                    common/itoa.s(11)
    atoi.o                    common/atoi.s(10)
ptr3 (zeropage.o):
    lmul.o                    runtime/lmul.s(10)
    ludiv.o                   runtime/ludiv.s(10)
    ltoa.o                    common/ltoa.s(11)
    lshelp.o                  runtime/lshelp.s(12)
    itoa.o                    common/itoa.s(11)
ptr4 (zeropage.o):
    lmul.o                    runtime/lmul.s(10)
    umod.o                    runtime/umod.s(9)
    udiv.o                    runtime/udiv.s(10)
    shelp.o                   runtime/shelp.s(12)
    mul8.o                    runtime/mul8.s(10)
    mul.o                     runtime/mul.s(10)
    ludiv.o                   runtime/ludiv.s(10)
    lshelp.o                  runtime/lshelp.s(12)
push0 (pushax.o):
    cf.o                      cf.s(344)
    parser.o                  parser.s(568)
    parser.o                  parser.s(568)
    parser.o                  parser.s(568)
    mc6840.o                  mc6840.s(256)
push0ax (lpush.o):
    mc6840.o                  mc6840.s(256)
pusha (pusha.o):
    main.o                    main.s(534)
    main.o                    main.s(534)
    main.o                    main.s(534)
    diskio.o                  diskio.s(190)
    diskio.o                  diskio.s(190)
    diskio.o                  diskio.s(190)
    diskio.o                  diskio.s(190)
    cf.o                      cf.s(344)
    cf.o                      cf.s(344)
    parser.o                  parser.s(568)
    parser.o                  parser.s(568)
    io.o                      io.s(233)
    io.o                      io.s(233)
    io.o                      io.s(233)
    io.o                      io.s(233)
    io.o                      io.s(233)
    m6242.o                   m6242.s(547)
    m6242.o                   m6242.s(547)
    hd44780.o                 hd44780.s(247)
    hd44780.o                 hd44780.s(247)
    hd44780.o                 hd44780.s(247)
    hd44780.o                 hd44780.s(247)
    mos6551.o                 mos6551.s(161)
pusha0 (pushax.o):
    parser.o                  parser.s(568)
    m6242.o                   m6242.s(547)
    m6242.o                   m6242.s(547)
pushax (pushax.o):
    strtok.o                  ../libwrk/supervision/strtok.s(125)
    pushw.o                   runtime/pushw.s(8)
    mktime.o                  ../libwrk/supervision/mktime.s(618)
    mktime.o                  ../libwrk/supervision/mktime.s(618)
    main.o                    main.s(534)
    main.o                    main.s(534)
    diskio.o                  diskio.s(190)
    cf.o                      cf.s(344)
    parser.o                  parser.s(568)
    parser.o                  parser.s(568)
    parser.o                  parser.s(568)
    parser.o                  parser.s(568)
    parser.o                  parser.s(568)
    parser.o                  parser.s(568)
    io.o                      io.s(233)
    io.o                      io.s(233)
    m6242.o                   m6242.s(547)
    m6242.o                   m6242.s(547)
    hd44780.o                 hd44780.s(247)
    mos6551.o                 mos6551.s(161)
    mc6840.o                  mc6840.s(256)
pusheax (lpush.o):
    mktime.o                  ../libwrk/supervision/mktime.s(618)
    main.o                    main.s(534)
    main.o                    main.s(534)
    diskio.o                  diskio.s(190)
    diskio.o                  diskio.s(190)
    cf.o                      cf.s(344)
    parser.o                  parser.s(568)
    mc6840.o                  mc6840.s(256)
pushw0sp (pushwsp.o):
    mktime.o                  ../libwrk/supervision/mktime.s(618)
pushwidx (pushw.o):
    parser.o                  parser.s(568)
pushwysp (pushwsp.o):
    strtok.o                  ../libwrk/supervision/strtok.s(125)
    main.o                    main.s(534)
    diskio.o                  diskio.s(190)
    diskio.o                  diskio.s(190)
    cf.o                      cf.s(344)
    parser.o                  parser.s(568)
    parser.o                  parser.s(568)
    parser.o                  parser.s(568)
    io.o                      io.s(233)
regbank (zeropage.o):
    strtok.o                  ../libwrk/supervision/strtok.s(10)
    regswap2.o                runtime/regswap2.s(8)
    mktime.o                  ../libwrk/supervision/mktime.s(10)
regsave (zeropage.o):
    cf.o                      cf.s(10)
regswap2 (regswap2.o):
    strtok.o                  ../libwrk/supervision/strtok.s(125)
    mktime.o                  ../libwrk/supervision/mktime.s(618)
shrax2 (shrax2.o):
    mktime.o                  ../libwrk/supervision/mktime.s(618)
sp (zeropage.o):
    lmul.o                    runtime/lmul.s(10)
    lcmp.o                    runtime/lcmp.s(10)
    ladd.o                    runtime/ladd.s(9)
    decsp2.o                  runtime/decsp2.s(8)
    toslong.o                 runtime/toslong.s(9)
    subysp.o                  runtime/subysp.s(9)
    sub.o                     runtime/sub.s(9)
    strtok.o                  ../libwrk/supervision/strtok.s(10)
    steaxsp.o                 runtime/steaxsp.s(8)
    staxspi.o                 runtime/staxspi.s(10)
    staxsp.o                  runtime/staxsp.s(8)
    staspidx.o                runtime/staspidx.s(9)
    regswap2.o                runtime/regswap2.s(8)
    pushwsp.o                 runtime/pushwsp.s(8)
    pushax.o                  runtime/pushax.s(8)
    pusha.o                   runtime/pusha.s(8)
    popptr1.o                 runtime/popptr1.s(9)
    mktime.o                  ../libwrk/supervision/mktime.s(10)
    ludiv.o                   runtime/ludiv.s(10)
    lsub.o                    runtime/lsub.s(12)
    lpush.o                   runtime/lpush.s(13)
    lor.o                     runtime/lor.s(10)
    leaaxsp.o                 runtime/leaaxsp.s(8)
    ldeaxysp.o                runtime/ldeaxysp.s(12)
    ldaxsp.o                  runtime/ldaxsp.s(8)
    itoa.o                    common/itoa.s(11)
    incsp2.o                  runtime/incsp2.s(8)
    incsp1.o                  runtime/incsp1.s(8)
    icmp.o                    runtime/icmp.s(9)
    decsp6.o                  runtime/decsp6.s(8)
    decsp4.o                  runtime/decsp4.s(8)
    decsp3.o                  runtime/decsp3.s(8)
    decsp1.o                  runtime/decsp1.s(8)
    crt0.o                    /opt/cc65/asminc/zeropage.inc(11)
    addysp.o                  runtime/addysp.s(8)
    addeqsp.o                 runtime/addeqsp.s(8)
    main.o                    main.s(10)
    diskio.o                  diskio.s(10)
    cf.o                      cf.s(10)
    parser.o                  parser.s(10)
    io.o                      io.s(10)
    m6242.o                   m6242.s(10)
    hd44780.o                 hd44780.s(10)
    mos6551.o                 mos6551.s(10)
    mc6840.o                  mc6840.s(10)
sreg (zeropage.o):
    lmul.o                    runtime/lmul.s(10)
    lcmp.o                    runtime/lcmp.s(10)
    ladd.o                    runtime/ladd.s(9)
    divt.o                    common/divt.s(18)
    umod.o                    runtime/umod.s(9)
    udiv.o                    runtime/udiv.s(10)
    steaxspi.o                runtime/steaxspi.s(10)
    steaxsp.o                 runtime/steaxsp.s(8)
    mod.o                     runtime/mod.s(12)
    mktime.o                  ../libwrk/supervision/mktime.s(10)
    lumod.o                   runtime/lumod.s(10)
    ludiv.o                   runtime/ludiv.s(10)
    ltoa.o                    common/ltoa.s(11)
    lsub.o                    runtime/lsub.s(12)
    lshelp.o                  runtime/lshelp.s(12)
    lpush.o                   runtime/lpush.s(13)
    lor.o                     runtime/lor.s(10)
    lneg.o                    runtime/lneg.s(11)
    ldiv.o                    runtime/ldiv.s(12)
    ldeaxysp.o                runtime/ldeaxysp.s(12)
    ldeaxi.o                  runtime/ldeaxi.s(8)
    itoa.o                    common/itoa.s(11)
    icmp.o                    runtime/icmp.s(9)
    axlong.o                  runtime/axlong.s(9)
    atoi.o                    common/atoi.s(10)
    main.o                    main.s(10)
    cf.o                      cf.s(10)
    io.o                      io.s(10)
    m6242.o                   m6242.s(10)
    mc6840.o                  mc6840.s(10)
staspidx (staspidx.o):
    io.o                      io.s(233)
stax0sp (staxsp.o):
    strtok.o                  ../libwrk/supervision/strtok.s(125)
    mktime.o                  ../libwrk/supervision/mktime.s(618)
    diskio.o                  diskio.s(190)
    hd44780.o                 hd44780.s(247)
    mos6551.o                 mos6551.s(161)
staxspidx (staxspi.o):
    mktime.o                  ../libwrk/supervision/mktime.s(618)
staxysp (staxsp.o):
    mktime.o                  ../libwrk/supervision/mktime.s(618)
    main.o                    main.s(534)
    cf.o                      cf.s(344)
    cf.o                      cf.s(344)
    cf.o                      cf.s(344)
    parser.o                  parser.s(568)
    parser.o                  parser.s(568)
    parser.o                  parser.s(568)
steax0sp (steaxsp.o):
    mc6840.o                  mc6840.s(256)
steaxspidx (steaxspi.o):
    cf.o                      cf.s(344)
steaxysp (steaxsp.o):
    main.o                    main.s(534)
subysp (subysp.o):
    main.o                    main.s(534)
    parser.o                  parser.s(568)
tmp1 (zeropage.o):
    ladd.o                    runtime/ladd.s(9)
    divt.o                    common/divt.s(18)
    decaxy.o                  runtime/decaxy.s(8)
    copydata.o                common/copydata.s(9)
    aslax1.o                  runtime/aslax1.s(8)
    stricmp.o                 common/stricmp.s(16)
    strchr.o                  common/strchr.s(10)
    steaxspi.o                runtime/steaxspi.s(10)
    staxspi.o                 runtime/staxspi.s(10)
    staspidx.o                runtime/staspidx.s(9)
    shrax2.o                  runtime/shrax2.s(8)
    shelp.o                   runtime/shelp.s(12)
    mul.o                     runtime/mul.s(10)
    mod.o                     runtime/mod.s(12)
    mktime.o                  ../libwrk/supervision/mktime.s(11)
    ltoa.o                    common/ltoa.s(11)
    lshelp.o                  runtime/lshelp.s(12)
    lor.o                     runtime/lor.s(10)
    ldiv.o                    runtime/ldiv.s(12)
    itoa.o                    common/itoa.s(11)
    incaxy.o                  runtime/incaxy.s(8)
    div.o                     runtime/div.s(12)
    atoi.o                    common/atoi.s(10)
    parser.o                  parser.s(11)
tmp2 (zeropage.o):
    lmul.o                    runtime/lmul.s(10)
    stricmp.o                 common/stricmp.s(16)
    steaxspi.o                runtime/steaxspi.s(10)
    shelp.o                   runtime/shelp.s(12)
    lshelp.o                  runtime/lshelp.s(12)
    ldiv.o                    runtime/ldiv.s(12)
    div.o                     runtime/div.s(12)
tmp3 (zeropage.o):
    lmul.o                    runtime/lmul.s(10)
    steaxspi.o                runtime/steaxspi.s(10)
    lumod.o                   runtime/lumod.s(10)
    ludiv.o                   runtime/ludiv.s(10)
tmp4 (zeropage.o):
    lmul.o                    runtime/lmul.s(10)
    lumod.o                   runtime/lumod.s(10)
    ludiv.o                   runtime/ludiv.s(10)
tosaddeax (ladd.o):
    mktime.o                  ../libwrk/supervision/mktime.s(618)
tosdiva0 (div.o):
    m6242.o                   m6242.s(547)
    m6242.o                   m6242.s(547)
tosdivax (div.o):
    divt.o                    common/divt.s(17)
tosdiveax (ldiv.o):
    mc6840.o                  mc6840.s(256)
tosicmp (icmp.o):
    mktime.o                  ../libwrk/supervision/mktime.s(618)
    parser.o                  parser.s(568)
toslcmp (lcmp.o):
    lne.o                     runtime/lne.s(8)
tosmoda0 (mod.o):
    m6242.o                   m6242.s(547)
    m6242.o                   m6242.s(547)
tosmula0 (mul8.o):
    parser.o                  parser.s(568)
tosneeax (lne.o):
    main.o                    main.s(534)
tosor0ax (lor.o):
    mc6840.o                  mc6840.s(256)
tosoreax (lor.o):
    cf.o                      cf.s(344)
tossuba0 (sub.o):
    io.o                      io.s(233)
tossubeax (lsub.o):
    mktime.o                  ../libwrk/supervision/mktime.s(618)
    mc6840.o                  mc6840.s(256)
tosudiv0ax (ludiv.o):
    main.o                    main.s(534)
tosulong (toslong.o):
    mc6840.o                  mc6840.s(256)
tosumod0ax (lumod.o):
    main.o                    main.s(534)
tosumoda0 (umod.o):
    mktime.o                  ../libwrk/supervision/mktime.s(618)
    mktime.o                  ../libwrk/supervision/mktime.s(618)
tosumodax (umod.o):
    mktime.o                  ../libwrk/supervision/mktime.s(618)
tosumul0ax (lmul.o):
    mktime.o                  ../libwrk/supervision/mktime.s(618)
tosumula0 (mul8.o):
    mktime.o                  ../libwrk/supervision/mktime.s(618)
    main.o                    main.s(534)
tosumulax (mul.o):
    mktime.o                  ../libwrk/supervision/mktime.s(618)
tosumuleax (lmul.o):
    mktime.o                  ../libwrk/supervision/mktime.s(618)
udiv16 (udiv.o):
    umod.o                    runtime/umod.s(8)
    shelp.o                   runtime/shelp.s(11)
udiv32 (ludiv.o):
    lumod.o                   runtime/lumod.s(9)
    ldiv.o                    runtime/ldiv.s(11)
zerobss (zerobss.o):
    crt0.o                    crt0.s(13)

